Component: Arm Compiler for Embedded 6.19 Tool: armlink [5e73cb00]

==============================================================================

Section Cross References

    main.o(.ARM.exidx.text.passenger_motor_up) refers to main.o(.text.passenger_motor_up) for [Anonymous Symbol]
    main.o(.ARM.exidx.text.passenger_motor_down) refers to main.o(.text.passenger_motor_down) for [Anonymous Symbol]
    main.o(.ARM.exidx.text.motor_stop) refers to main.o(.text.motor_stop) for [Anonymous Symbol]
    main.o(.text.passengerUp) refers to main.o(.bss.passenger_window_up_button) for passenger_window_up_button
    main.o(.text.passengerUp) refers to queue.o(.text.xQueueSemaphoreTake) for xQueueSemaphoreTake
    main.o(.text.passengerUp) refers to main.o(.bss.lockMutex) for lockMutex
    main.o(.text.passengerUp) refers to tasks.o(.text.xTaskGetTickCount) for xTaskGetTickCount
    main.o(.text.passengerUp) refers to main.o(.text.motor_stop) for motor_stop
    main.o(.text.passengerUp) refers to main.o(.text.passenger_motor_up) for passenger_motor_up
    main.o(.text.passengerUp) refers to queue.o(.text.xQueueGenericSend) for xQueueGenericSend
    main.o(.ARM.exidx.text.passengerUp) refers to main.o(.text.passengerUp) for [Anonymous Symbol]
    main.o(.text.passengerDown) refers to main.o(.bss.passenger_window_down_button) for passenger_window_down_button
    main.o(.text.passengerDown) refers to queue.o(.text.xQueueSemaphoreTake) for xQueueSemaphoreTake
    main.o(.text.passengerDown) refers to main.o(.bss.lockMutex) for lockMutex
    main.o(.text.passengerDown) refers to tasks.o(.text.xTaskGetTickCount) for xTaskGetTickCount
    main.o(.text.passengerDown) refers to main.o(.text.motor_stop) for motor_stop
    main.o(.text.passengerDown) refers to main.o(.text.passenger_motor_down) for passenger_motor_down
    main.o(.text.passengerDown) refers to queue.o(.text.xQueueGenericSend) for xQueueGenericSend
    main.o(.ARM.exidx.text.passengerDown) refers to main.o(.text.passengerDown) for [Anonymous Symbol]
    main.o(.text.driverUp) refers to main.o(.bss.driver_window_up_button) for driver_window_up_button
    main.o(.text.driverUp) refers to queue.o(.text.xQueueSemaphoreTake) for xQueueSemaphoreTake
    main.o(.text.driverUp) refers to tasks.o(.text.xTaskGetTickCount) for xTaskGetTickCount
    main.o(.text.driverUp) refers to main.o(.text.motor_stop) for motor_stop
    main.o(.text.driverUp) refers to main.o(.text.passenger_motor_up) for passenger_motor_up
    main.o(.ARM.exidx.text.driverUp) refers to main.o(.text.driverUp) for [Anonymous Symbol]
    main.o(.text.driverDown) refers to main.o(.bss.driver_window_down_button) for driver_window_down_button
    main.o(.text.driverDown) refers to queue.o(.text.xQueueSemaphoreTake) for xQueueSemaphoreTake
    main.o(.text.driverDown) refers to tasks.o(.text.xTaskGetTickCount) for xTaskGetTickCount
    main.o(.text.driverDown) refers to main.o(.text.motor_stop) for motor_stop
    main.o(.text.driverDown) refers to main.o(.text.passenger_motor_down) for passenger_motor_down
    main.o(.ARM.exidx.text.driverDown) refers to main.o(.text.driverDown) for [Anonymous Symbol]
    main.o(.text.limitSwitchUp) refers to main.o(.bss.limit_switch_up) for limit_switch_up
    main.o(.text.limitSwitchUp) refers to queue.o(.text.xQueueSemaphoreTake) for xQueueSemaphoreTake
    main.o(.text.limitSwitchUp) refers to main.o(.text.motor_stop) for motor_stop
    main.o(.ARM.exidx.text.limitSwitchUp) refers to main.o(.text.limitSwitchUp) for [Anonymous Symbol]
    main.o(.text.limitSwitchDown) refers to main.o(.bss.limit_switch_down) for limit_switch_down
    main.o(.text.limitSwitchDown) refers to queue.o(.text.xQueueSemaphoreTake) for xQueueSemaphoreTake
    main.o(.text.limitSwitchDown) refers to main.o(.text.motor_stop) for motor_stop
    main.o(.ARM.exidx.text.limitSwitchDown) refers to main.o(.text.limitSwitchDown) for [Anonymous Symbol]
    main.o(.text.lockSwitch) refers to main.o(.bss.on_off_switch_LOW) for on_off_switch_LOW
    main.o(.text.lockSwitch) refers to queue.o(.text.xQueueSemaphoreTake) for xQueueSemaphoreTake
    main.o(.text.lockSwitch) refers to main.o(.bss.lockMutex) for lockMutex
    main.o(.text.lockSwitch) refers to queue.o(.text.xQueueGenericSend) for xQueueGenericSend
    main.o(.ARM.exidx.text.lockSwitch) refers to main.o(.text.lockSwitch) for [Anonymous Symbol]
    main.o(.text.EmergencySwitch) refers to main.o(.bss.emergency_button) for emergency_button
    main.o(.text.EmergencySwitch) refers to queue.o(.text.xQueueSemaphoreTake) for xQueueSemaphoreTake
    main.o(.text.EmergencySwitch) refers to main.o(.text.motor_stop) for motor_stop
    main.o(.text.EmergencySwitch) refers to tasks.o(.text.vTaskDelay) for vTaskDelay
    main.o(.text.EmergencySwitch) refers to main.o(.text.passenger_motor_down) for passenger_motor_down
[...]
    ../clib/armsys.c                         0x00000000   Number         0  no_argv.o ABSOLUTE
    ../clib/heapalloc.c                      0x00000000   Number         0  hrguard.o ABSOLUTE
    ../clib/heapaux.c                        0x00000000   Number         0  heapauxi.o ABSOLUTE
    ../clib/libinit.s                        0x00000000   Number         0  libinit.o ABSOLUTE
    ../clib/libinit.s                        0x00000000   Number         0  libinit2.o ABSOLUTE
    ../clib/libinit.s                        0x00000000   Number         0  libshutdown.o ABSOLUTE
    ../clib/libinit.s                        0x00000000   Number         0  libshutdown2.o ABSOLUTE
    ../clib/memcpset.s                       0x00000000   Number         0  rt_memcpy_v6.o ABSOLUTE
    ../clib/memcpset.s                       0x00000000   Number         0  aeabi_memset4.o ABSOLUTE
    ../clib/memcpset.s                       0x00000000   Number         0  rt_memclr.o ABSOLUTE
    ../clib/memcpset.s                       0x00000000   Number         0  rt_memcpy_w.o ABSOLUTE
    ../clib/memcpset.s                       0x00000000   Number         0  rt_memclr_w.o ABSOLUTE
    ../clib/signal.c                         0x00000000   Number         0  defsig_rtmem_outer.o ABSOLUTE
    ../clib/signal.c                         0x00000000   Number         0  defsig_rtmem_formal.o ABSOLUTE
    ../clib/signal.c                         0x00000000   Number         0  defsig_exit.o ABSOLUTE
    ../clib/signal.c                         0x00000000   Number         0  defsig_rtmem_inner.o ABSOLUTE
    ../clib/signal.c                         0x00000000   Number         0  __raise.o ABSOLUTE
    ../clib/signal.c                         0x00000000   Number         0  defsig_general.o ABSOLUTE
    ../clib/signal.c                         0x00000000   Number         0  defsig_abrt_inner.o ABSOLUTE
    ../clib/signal.c                         0x00000000   Number         0  defsig_fpe_inner.o ABSOLUTE
    ../clib/signal.c                         0x00000000   Number         0  defsig_rtred_inner.o ABSOLUTE
    ../clib/signal.c                         0x00000000   Number         0  defsig_stak_inner.o ABSOLUTE
    ../clib/signal.c                         0x00000000   Number         0  defsig_pvfn_inner.o ABSOLUTE
    ../clib/signal.c                         0x00000000   Number         0  defsig_cppl_inner.o ABSOLUTE
    ../clib/signal.c                         0x00000000   Number         0  defsig_segv_inner.o ABSOLUTE
    ../clib/signal.c                         0x00000000   Number         0  defsig_other.o ABSOLUTE
    ../clib/signal.s                         0x00000000   Number         0  defsig.o ABSOLUTE
    ../clib/stdlib.c                         0x00000000   Number         0  exit.o ABSOLUTE
    ../clib/string.c                         0x00000000   Number         0  strlen.o ABSOLUTE
    ../fplib/fpinit.s                        0x00000000   Number         0  fpinit.o ABSOLUTE
    RTE/Device/TM4C123GH6PM/startup_TM4C123.s 0x00000000   Number         0  startup_tm4c123.o ABSOLUTE
    dc.s                                     0x00000000   Number         0  dc.o ABSOLUTE
    freertos_evr.c                           0x00000000   Number         0  freertos_evr.o ABSOLUTE
    heap_4.c                                 0x00000000   Number         0  heap_4.o ABSOLUTE
    list.c                                   0x00000000   Number         0  list.o ABSOLUTE
    main.c                                   0x00000000   Number         0  main.o ABSOLUTE
    port.c                                   0x00000000   Number         0  port.o ABSOLUTE
    queue.c                                  0x00000000   Number         0  queue.o ABSOLUTE
    system_TM4C123.c                         0x00000000   Number         0  system_tm4c123.o ABSOLUTE
    tasks.c                                  0x00000000   Number         0  tasks.o ABSOLUTE
    RESET                                    0x00000000   Section      620  startup_tm4c123.o(RESET)
    !!!main                                  0x0000026c   Section        8  __main.o(!!!main)
    !!!scatter                               0x00000274   Section       52  __scatter.o(!!!scatter)
    !!handler_copy                           0x000002a8   Section       26  __scatter_copy.o(!!handler_copy)
    !!handler_zi                             0x000002c4   Section       28  __scatter_zi.o(!!handler_zi)
    .ARM.Collect$$libinit$$00000000          0x000002e0   Section        2  libinit.o(.ARM.Collect$$libinit$$00000000)
    .ARM.Collect$$libinit$$00000001          0x000002e2   Section        4  libinit2.o(.ARM.Collect$$libinit$$00000001)
    .ARM.Collect$$libinit$$00000004          0x000002e6   Section        0  libinit2.o(.ARM.Collect$$libinit$$00000004)
    .ARM.Collect$$libinit$$00000006          0x000002e6   Section        0  libinit2.o(.ARM.Collect$$libinit$$00000006)
    .ARM.Collect$$libinit$$0000000C          0x000002e6   Section        0  libinit2.o(.ARM.Collect$$libinit$$0000000C)
    .ARM.Collect$$libinit$$0000000E          0x000002e6   Section        0  libinit2.o(.ARM.Collect$$libinit$$0000000E)
    .ARM.Collect$$libinit$$00000010          0x000002e6   Section        0  libinit2.o(.ARM.Collect$$libinit$$00000010)
    .ARM.Collect$$libinit$$00000013          0x000002e6   Section        0  libinit2.o(.ARM.Collect$$libinit$$00000013)
    .ARM.Collect$$libinit$$00000015          0x000002e6   Section        0  libinit2.o(.ARM.Collect$$libinit$$00000015)
    .ARM.Collect$$libinit$$00000017          0x000002e6   Section        0  libinit2.o(.ARM.Collect$$libinit$$00000017)
    .ARM.Collect$$libinit$$00000019          0x000002e6   Section        0  libinit2.o(.ARM.Collect$$libinit$$00000019)
    .ARM.Collect$$libinit$$0000001B          0x000002e6   Section        0  libinit2.o(.ARM.Collect$$libinit$$0000001B)
    .ARM.Collect$$libinit$$0000001D          0x000002e6   Section        0  libinit2.o(.ARM.Collect$$libinit$$0000001D)
    .ARM.Collect$$libinit$$0000001F          0x000002e6   Section        0  libinit2.o(.ARM.Collect$$libinit$$0000001F)
    .ARM.Collect$$libinit$$00000021          0x000002e6   Section        0  libinit2.o(.ARM.Collect$$libinit$$00000021)
    .ARM.Collect$$libinit$$00000023          0x000002e6   Section        0  libinit2.o(.ARM.Collect$$libinit$$00000023)
    .ARM.Collect$$libinit$$00000025          0x000002e6   Section        0  libinit2.o(.ARM.Collect$$libinit$$00000025)
    .ARM.Collect$$libinit$$00000027          0x000002e6   Section        0  libinit2.o(.ARM.Collect$$libinit$$00000027)
    .ARM.Collect$$libinit$$0000002E          0x000002e6   Section        0  libinit2.o(.ARM.Collect$$libinit$$0000002E)
    .ARM.Collect$$libinit$$00000030          0x000002e6   Section        0  libinit2.o(.ARM.Collect$$libinit$$00000030)
    .ARM.Collect$$libinit$$00000032          0x000002e6   Section        0  libinit2.o(.ARM.Collect$$libinit$$00000032)
    .ARM.Collect$$libinit$$00000034          0x000002e6   Section        0  libinit2.o(.ARM.Collect$$libinit$$00000034)
    .ARM.Collect$$libinit$$00000035          0x000002e6   Section        2  libinit2.o(.ARM.Collect$$libinit$$00000035)
    .ARM.Collect$$libshutdown$$00000000      0x000002e8   Section        2  libshutdown.o(.ARM.Collect$$libshutdown$$00000000)
    .ARM.Collect$$libshutdown$$00000002      0x000002ea   Section        0  libshutdown2.o(.ARM.Collect$$libshutdown$$00000002)
    .ARM.Collect$$libshutdown$$00000004      0x000002ea   Section        0  libshutdown2.o(.ARM.Collect$$libshutdown$$00000004)
    .ARM.Collect$$libshutdown$$00000007      0x000002ea   Section        0  libshutdown2.o(.ARM.Collect$$libshutdown$$00000007)
    .ARM.Collect$$libshutdown$$0000000A      0x000002ea   Section        0  libshutdown2.o(.ARM.Collect$$libshutdown$$0000000A)
    .ARM.Collect$$libshutdown$$0000000C      0x000002ea   Section        0  libshutdown2.o(.ARM.Collect$$libshutdown$$0000000C)
    .ARM.Collect$$libshutdown$$0000000F      0x000002ea   Section        0  libshutdown2.o(.ARM.Collect$$libshutdown$$0000000F)
    .ARM.Collect$$libshutdown$$00000010      0x000002ea   Section        2  libshutdown2.o(.ARM.Collect$$libshutdown$$00000010)
    .ARM.Collect$$rtentry$$00000000          0x000002ec   Section        0  __rtentry.o(.ARM.Collect$$rtentry$$00000000)
    .ARM.Collect$$rtentry$$00000002          0x000002ec   Section        0  __rtentry2.o(.ARM.Collect$$rtentry$$00000002)
    .ARM.Collect$$rtentry$$00000004          0x000002ec   Section        6  __rtentry4.o(.ARM.Collect$$rtentry$$00000004)
    .ARM.Collect$$rtentry$$00000009          0x000002f2   Section        0  __rtentry2.o(.ARM.Collect$$rtentry$$00000009)
    .ARM.Collect$$rtentry$$0000000A          0x000002f2   Section        4  __rtentry2.o(.ARM.Collect$$rtentry$$0000000A)
    .ARM.Collect$$rtentry$$0000000C          0x000002f6   Section        0  __rtentry2.o(.ARM.Collect$$rtentry$$0000000C)
    .ARM.Collect$$rtentry$$0000000D          0x000002f6   Section        8  __rtentry2.o(.ARM.Collect$$rtentry$$0000000D)
    .ARM.Collect$$rtexit$$00000000           0x000002fe   Section        2  rtexit.o(.ARM.Collect$$rtexit$$00000000)
    .ARM.Collect$$rtexit$$00000002           0x00000300   Section        0  rtexit2.o(.ARM.Collect$$rtexit$$00000002)
    .ARM.Collect$$rtexit$$00000003           0x00000300   Section        4  rtexit2.o(.ARM.Collect$$rtexit$$00000003)
    .ARM.Collect$$rtexit$$00000004           0x00000304   Section        6  rtexit2.o(.ARM.Collect$$rtexit$$00000004)
    $v0                                      0x0000030c   Number         0  startup_tm4c123.o(.text)
    .text                                    0x0000030c   Section      276  startup_tm4c123.o(.text)
    .text                                    0x00000420   Section      138  rt_memcpy_v6.o(.text)
    .text                                    0x000004aa   Section       16  aeabi_memset4.o(.text)
    .text                                    0x000004ba   Section       68  rt_memclr.o(.text)
    .text                                    0x000004fe   Section        0  heapauxi.o(.text)
    .text                                    0x00000504   Section      100  rt_memcpy_w.o(.text)
    .text                                    0x00000568   Section       78  rt_memclr_w.o(.text)
    .text                                    0x000005b6   Section       74  sys_stackheap_outer.o(.text)
    .text                                    0x00000600   Section        0  exit.o(.text)
    .text                                    0x00000614   Section        8  libspace.o(.text)
    .text                                    0x0000061c   Section        0  sys_exit.o(.text)
    .text                                    0x00000628   Section        2  use_no_semi.o(.text)
    .text                                    0x0000062a   Section        0  indicate_semi.o(.text)
    [Anonymous Symbol]                       0x0000062c   Section        0  main.o(.text.EmergencySwitch)
    [Anonymous Symbol]                       0x0000066c   Section        0  main.o(.text.GPIOB_Handler)
    [Anonymous Symbol]                       0x000006f4   Section        0  main.o(.text.GPIOD_Handler)
    [Anonymous Symbol]                       0x0000084c   Section        0  main.o(.text.GPIOF_Handler)
    [Anonymous Symbol]                       0x000008ac   Section        0  main.o(.text.InitialTask)
    [Anonymous Symbol]                       0x000008c0   Section        0  port.o(.text.PendSV_Handler)
    pxCurrentTCBConst                        0x00000920   Number         0  port.o(.text.PendSV_Handler)
    [Anonymous Symbol]                       0x00000924   Section        0  main.o(.text.PortA_Init)
    [Anonymous Symbol]                       0x00000994   Section        0  main.o(.text.PortB_Init)
    [Anonymous Symbol]                       0x00000b14   Section        0  main.o(.text.PortD_Init)
    [Anonymous Symbol]                       0x00000cfc   Section        0  main.o(.text.PortF_Init)
    [Anonymous Symbol]                       0x00000e10   Section        0  port.o(.text.SVC_Handler)
    pxCurrentTCBConst2                       0x00000e30   Number         0  port.o(.text.SVC_Handler)
    [Anonymous Symbol]                       0x00000e34   Section        0  port.o(.text.SysTick_Handler)
    [Anonymous Symbol]                       0x00000e70   Section        0  system_tm4c123.o(.text.SystemInit)
    __NVIC_EnableIRQ                         0x00000f7d   Thumb Code    48  main.o(.text.__NVIC_EnableIRQ)
    [Anonymous Symbol]                       0x00000f7c   Section        0  main.o(.text.__NVIC_EnableIRQ)
    __NVIC_SetPriority                       0x00000fad   Thumb Code    66  main.o(.text.__NVIC_SetPriority)
    [Anonymous Symbol]                       0x00000fac   Section        0  main.o(.text.__NVIC_SetPriority)
    [Anonymous Symbol]                       0x00000ff0   Section        0  main.o(.text.driverDown)
    [Anonymous Symbol]                       0x00001064   Section        0  main.o(.text.driverUp)
    [Anonymous Symbol]                       0x000010d8   Section        0  tasks.o(.text.eTaskConfirmSleepModeStatus)
    [Anonymous Symbol]                       0x00001158   Section        0  main.o(.text.limitSwitchDown)
    [Anonymous Symbol]                       0x000011cc   Section        0  main.o(.text.limitSwitchUp)
    [Anonymous Symbol]                       0x00001240   Section        0  main.o(.text.lockSwitch)
    [Anonymous Symbol]                       0x000012c4   Section        0  main.o(.text.main)
    [Anonymous Symbol]                       0x00001410   Section        0  main.o(.text.motor_stop)
    [Anonymous Symbol]                       0x00001434   Section        0  main.o(.text.passengerDown)
    [Anonymous Symbol]                       0x000014d4   Section        0  main.o(.text.passengerUp)
    [Anonymous Symbol]                       0x00001574   Section        0  main.o(.text.passenger_motor_down)
    [Anonymous Symbol]                       0x000015a8   Section        0  main.o(.text.passenger_motor_up)
    prvAddCurrentTaskToDelayedList           0x000015dd   Thumb Code   290  tasks.o(.text.prvAddCurrentTaskToDelayedList)
    [Anonymous Symbol]                       0x000015dc   Section        0  tasks.o(.text.prvAddCurrentTaskToDelayedList)
    prvAddNewTaskToReadyList                 0x00001701   Thumb Code   340  tasks.o(.text.prvAddNewTaskToReadyList)
    [Anonymous Symbol]                       0x00001700   Section        0  tasks.o(.text.prvAddNewTaskToReadyList)
    prvCheckTasksWaitingTermination          0x00001855   Thumb Code    90  tasks.o(.text.prvCheckTasksWaitingTermination)
    [Anonymous Symbol]                       0x00001854   Section        0  tasks.o(.text.prvCheckTasksWaitingTermination)
    prvCopyDataToQueue                       0x000018b1   Thumb Code   204  queue.o(.text.prvCopyDataToQueue)
    [Anonymous Symbol]                       0x000018b0   Section        0  queue.o(.text.prvCopyDataToQueue)
    prvDeleteTCB                             0x0000197d   Thumb Code    24  tasks.o(.text.prvDeleteTCB)
    [Anonymous Symbol]                       0x0000197c   Section        0  tasks.o(.text.prvDeleteTCB)
    prvGetDisinheritPriorityAfterTimeout     0x00001995   Thumb Code    38  queue.o(.text.prvGetDisinheritPriorityAfterTimeout)
    [Anonymous Symbol]                       0x00001994   Section        0  queue.o(.text.prvGetDisinheritPriorityAfterTimeout)
    prvGetExpectedIdleTime                   0x000019bd   Thumb Code   124  tasks.o(.text.prvGetExpectedIdleTime)
    [Anonymous Symbol]                       0x000019bc   Section        0  tasks.o(.text.prvGetExpectedIdleTime)
    prvHeapInit                              0x00001a39   Thumb Code   174  heap_4.o(.text.prvHeapInit)
    [Anonymous Symbol]                       0x00001a38   Section        0  heap_4.o(.text.prvHeapInit)
    prvIdleTask                              0x00001ae9   Thumb Code   154  tasks.o(.text.prvIdleTask)
    [Anonymous Symbol]                       0x00001ae8   Section        0  tasks.o(.text.prvIdleTask)
    prvInitialiseMutex                       0x00001b85   Thumb Code    44  queue.o(.text.prvInitialiseMutex)
    [Anonymous Symbol]                       0x00001b84   Section        0  queue.o(.text.prvInitialiseMutex)
    prvInitialiseNewQueue                    0x00001bb1   Thumb Code    78  queue.o(.text.prvInitialiseNewQueue)
    [Anonymous Symbol]                       0x00001bb0   Section        0  queue.o(.text.prvInitialiseNewQueue)
    prvInitialiseNewTask                     0x00001c01   Thumb Code   292  tasks.o(.text.prvInitialiseNewTask)
    [Anonymous Symbol]                       0x00001c00   Section        0  tasks.o(.text.prvInitialiseNewTask)
    prvInitialiseTaskLists                   0x00001d25   Thumb Code   142  tasks.o(.text.prvInitialiseTaskLists)
    [Anonymous Symbol]                       0x00001d24   Section        0  tasks.o(.text.prvInitialiseTaskLists)
    prvInsertBlockIntoFreeList               0x00001db5   Thumb Code   198  heap_4.o(.text.prvInsertBlockIntoFreeList)
    [Anonymous Symbol]                       0x00001db4   Section        0  heap_4.o(.text.prvInsertBlockIntoFreeList)
    prvIsQueueEmpty                          0x00001e7d   Thumb Code    40  queue.o(.text.prvIsQueueEmpty)
    [Anonymous Symbol]                       0x00001e7c   Section        0  queue.o(.text.prvIsQueueEmpty)
    prvIsQueueFull                           0x00001ea5   Thumb Code    46  queue.o(.text.prvIsQueueFull)
    [Anonymous Symbol]                       0x00001ea4   Section        0  queue.o(.text.prvIsQueueFull)
    prvNotifyQueueSetContainer               0x00001ed5   Thumb Code   236  queue.o(.text.prvNotifyQueueSetContainer)
    [Anonymous Symbol]                       0x00001ed4   Section        0  queue.o(.text.prvNotifyQueueSetContainer)
    prvPortStartFirstTask                    0x00001fc1   Thumb Code    40  port.o(.text.prvPortStartFirstTask)
    [Anonymous Symbol]                       0x00001fc0   Section        0  port.o(.text.prvPortStartFirstTask)
    prvResetNextTaskUnblockTime              0x00001fe9   Thumb Code    60  tasks.o(.text.prvResetNextTaskUnblockTime)
    [Anonymous Symbol]                       0x00001fe8   Section        0  tasks.o(.text.prvResetNextTaskUnblockTime)
    prvTaskExitError                         0x00002025   Thumb Code    76  port.o(.text.prvTaskExitError)
    [Anonymous Symbol]                       0x00002024   Section        0  port.o(.text.prvTaskExitError)
    prvUnlockQueue                           0x00002071   Thumb Code   204  queue.o(.text.prvUnlockQueue)
    [Anonymous Symbol]                       0x00002070   Section        0  queue.o(.text.prvUnlockQueue)
    [Anonymous Symbol]                       0x0000213c   Section        0  heap_4.o(.text.pvPortMalloc)
    [Anonymous Symbol]                       0x00002304   Section        0  tasks.o(.text.pvTaskIncrementMutexHeldCount)
    [Anonymous Symbol]                       0x00002330   Section        0  port.o(.text.pxPortInitialiseStack)
    [Anonymous Symbol]                       0x00002390   Section        0  list.o(.text.uxListRemove)
    [Anonymous Symbol]                       0x000023d8   Section        0  tasks.o(.text.uxTaskGetNumberOfTasks)
    [Anonymous Symbol]                       0x000023e4   Section        0  list.o(.text.vListInitialise)
    [Anonymous Symbol]                       0x00002414   Section        0  list.o(.text.vListInitialiseItem)
    [Anonymous Symbol]                       0x00002424   Section        0  list.o(.text.vListInsert)
    vPortEnableVFP                           0x00002491   Thumb Code    20  port.o(.text.vPortEnableVFP)
    [Anonymous Symbol]                       0x00002490   Section        0  port.o(.text.vPortEnableVFP)
    [Anonymous Symbol]                       0x000024a4   Section        0  port.o(.text.vPortEnterCritical)
    [Anonymous Symbol]                       0x000024fc   Section        0  port.o(.text.vPortExitCritical)
    [Anonymous Symbol]                       0x00002548   Section        0  heap_4.o(.text.vPortFree)
    [Anonymous Symbol]                       0x00002604   Section        0  port.o(.text.vPortSetupTimerInterrupt)
    [Anonymous Symbol]                       0x0000267c   Section        0  port.o(.text.vPortSuppressTicksAndSleep)
    [Anonymous Symbol]                       0x0000289c   Section        0  port.o(.text.vPortValidateInterruptPriority)
    [Anonymous Symbol]                       0x00002920   Section        0  tasks.o(.text.vTaskDelay)
    [Anonymous Symbol]                       0x00002990   Section        0  tasks.o(.text.vTaskInternalSetTimeOutState)
    [Anonymous Symbol]                       0x000029b4   Section        0  tasks.o(.text.vTaskMissedYield)
    [Anonymous Symbol]                       0x000029c4   Section        0  tasks.o(.text.vTaskPlaceOnEventList)
    [Anonymous Symbol]                       0x00002a08   Section        0  tasks.o(.text.vTaskPriorityDisinheritAfterTimeout)
    [Anonymous Symbol]                       0x00002b8c   Section        0  tasks.o(.text.vTaskStartScheduler)
    [Anonymous Symbol]                       0x00002c30   Section        0  tasks.o(.text.vTaskStepTick)
    [Anonymous Symbol]                       0x00002cfc   Section        0  tasks.o(.text.vTaskSuspendAll)
    __tagsym$$used.0                         0x00002d0c   Number         0  tasks.o(.text.vTaskSwitchContext)
    [Anonymous Symbol]                       0x00002d0c   Section        0  tasks.o(.text.vTaskSwitchContext)
    [Anonymous Symbol]                       0x00002dcc   Section        0  port.o(.text.xPortStartScheduler)
    [Anonymous Symbol]                       0x00002f24   Section        0  queue.o(.text.xQueueCreateMutex)
    [Anonymous Symbol]                       0x00002f4c   Section        0  queue.o(.text.xQueueGenericCreate)
    [Anonymous Symbol]                       0x00002fe8   Section        0  queue.o(.text.xQueueGenericReset)
    [Anonymous Symbol]                       0x000030f0   Section        0  queue.o(.text.xQueueGenericSend)
    [Anonymous Symbol]                       0x00003364   Section        0  queue.o(.text.xQueueGiveFromISR)
    [Anonymous Symbol]                       0x000034e8   Section        0  queue.o(.text.xQueueSemaphoreTake)
    [Anonymous Symbol]                       0x000036f8   Section        0  tasks.o(.text.xTaskCheckForTimeOut)
    [Anonymous Symbol]                       0x000037f4   Section        0  tasks.o(.text.xTaskCreate)
    [Anonymous Symbol]                       0x00003894   Section        0  tasks.o(.text.xTaskGetSchedulerState)
    [Anonymous Symbol]                       0x000038cc   Section        0  tasks.o(.text.xTaskGetTickCount)
    [Anonymous Symbol]                       0x000038e0   Section        0  tasks.o(.text.xTaskIncrementTick)
    [Anonymous Symbol]                       0x00003b40   Section        0  tasks.o(.text.xTaskPriorityDisinherit)
    [Anonymous Symbol]                       0x00003c78   Section        0  tasks.o(.text.xTaskPriorityInherit)
    [Anonymous Symbol]                       0x00003dd4   Section        0  tasks.o(.text.xTaskRemoveFromEventList)
    [Anonymous Symbol]                       0x00003f68   Section        0  tasks.o(.text.xTaskResumeAll)
    $v0                                      0x0000418a   Number         0  fpinit.o(x$fpl$fpinit)
    x$fpl$fpinit                             0x0000418a   Section       26  fpinit.o(x$fpl$fpinit)
    .L.str.7                                 0x000041a4   Data           5  main.o(.rodata.str1.1)
    [Anonymous Symbol]                       0x000041a4   Section        0  main.o(.rodata.str1.1)
    .L.str.8                                 0x000041a9   Data           8  main.o(.rodata.str1.1)
    .L.str.1                                 0x000041b1   Data          14  main.o(.rodata.str1.1)
    .L.str.3                                 0x000041bf   Data          11  main.o(.rodata.str1.1)
    .L.str.5                                 0x000041ca   Data          10  main.o(.rodata.str1.1)
    .L.str                                   0x000041d4   Data          12  main.o(.rodata.str1.1)
    .L.str.2                                 0x000041e0   Data           9  main.o(.rodata.str1.1)
    .L.str.4                                 0x000041e9   Data           8  main.o(.rodata.str1.1)
    .L.str.6                                 0x000041f1   Data          10  main.o(.rodata.str1.1)
    .L.str                                   0x000041fb   Data           5  tasks.o(.rodata.str1.1)
    [Anonymous Symbol]                       0x000041fb   Section        0  tasks.o(.rodata.str1.1)
    uxCriticalNesting                        0x20000004   Data           4  port.o(.data.uxCriticalNesting)
    [Anonymous Symbol]                       0x20000004   Section        0  port.o(.data.uxCriticalNesting)
    .bss                                     0x20000008   Section       96  libspace.o(.bss)
    __tagsym$$used.1                         0x20000090   Number         0  tasks.o(.bss.pxCurrentTCB)
    pxDelayedTaskList                        0x20000094   Data           4  tasks.o(.bss.pxDelayedTaskList)
    [Anonymous Symbol]                       0x20000094   Section        0  tasks.o(.bss.pxDelayedTaskList)
    pxEnd                                    0x20000098   Data           4  heap_4.o(.bss.pxEnd)
    [Anonymous Symbol]                       0x20000098   Section        0  heap_4.o(.bss.pxEnd)
    pxOverflowDelayedTaskList                0x2000009c   Data           4  tasks.o(.bss.pxOverflowDelayedTaskList)
    [Anonymous Symbol]                       0x2000009c   Section        0  tasks.o(.bss.pxOverflowDelayedTaskList)
    pxReadyTasksLists                        0x200000a0   Data         100  tasks.o(.bss.pxReadyTasksLists)
    [Anonymous Symbol]                       0x200000a0   Section        0  tasks.o(.bss.pxReadyTasksLists)
    ucHeap                                   0x20000104   Data       16384  heap_4.o(.bss.ucHeap)
    [Anonymous Symbol]                       0x20000104   Section        0  heap_4.o(.bss.ucHeap)
    ucMaxSysCallPriority                     0x20004104   Data           1  port.o(.bss.ucMaxSysCallPriority)
    [Anonymous Symbol]                       0x20004104   Section        0  port.o(.bss.ucMaxSysCallPriority)
    ulMaxPRIGROUPValue                       0x20004108   Data           4  port.o(.bss.ulMaxPRIGROUPValue)
    [Anonymous Symbol]                       0x20004108   Section        0  port.o(.bss.ulMaxPRIGROUPValue)
    ulStoppedTimerCompensation               0x2000410c   Data           4  port.o(.bss.ulStoppedTimerCompensation)
    [Anonymous Symbol]                       0x2000410c   Section        0  port.o(.bss.ulStoppedTimerCompensation)
    ulTimerCountsForOneTick                  0x20004110   Data           4  port.o(.bss.ulTimerCountsForOneTick)
    [Anonymous Symbol]                       0x20004110   Section        0  port.o(.bss.ulTimerCountsForOneTick)
    uxCurrentNumberOfTasks                   0x20004114   Data           4  tasks.o(.bss.uxCurrentNumberOfTasks)
    [Anonymous Symbol]                       0x20004114   Section        0  tasks.o(.bss.uxCurrentNumberOfTasks)
    uxDeletedTasksWaitingCleanUp             0x20004118   Data           4  tasks.o(.bss.uxDeletedTasksWaitingCleanUp)
    [Anonymous Symbol]                       0x20004118   Section        0  tasks.o(.bss.uxDeletedTasksWaitingCleanUp)
    uxSchedulerSuspended                     0x2000411c   Data           4  tasks.o(.bss.uxSchedulerSuspended)
    [Anonymous Symbol]                       0x2000411c   Section        0  tasks.o(.bss.uxSchedulerSuspended)
    uxTaskNumber                             0x20004120   Data           4  tasks.o(.bss.uxTaskNumber)
    [Anonymous Symbol]                       0x20004120   Section        0  tasks.o(.bss.uxTaskNumber)
    uxTopReadyPriority                       0x20004124   Data           4  tasks.o(.bss.uxTopReadyPriority)
    [Anonymous Symbol]                       0x20004124   Section        0  tasks.o(.bss.uxTopReadyPriority)
    xDelayedTaskList1                        0x20004128   Data          20  tasks.o(.bss.xDelayedTaskList1)
    [Anonymous Symbol]                       0x20004128   Section        0  tasks.o(.bss.xDelayedTaskList1)
    xDelayedTaskList2                        0x2000413c   Data          20  tasks.o(.bss.xDelayedTaskList2)
    [Anonymous Symbol]                       0x2000413c   Section        0  tasks.o(.bss.xDelayedTaskList2)
    xFreeBytesRemaining                      0x20004150   Data           4  heap_4.o(.bss.xFreeBytesRemaining)
    [Anonymous Symbol]                       0x20004150   Section        0  heap_4.o(.bss.xFreeBytesRemaining)
    xIdleTaskHandle                          0x20004154   Data           4  tasks.o(.bss.xIdleTaskHandle)
    [Anonymous Symbol]                       0x20004154   Section        0  tasks.o(.bss.xIdleTaskHandle)
    xMaximumPossibleSuppressedTicks          0x20004158   Data           4  port.o(.bss.xMaximumPossibleSuppressedTicks)
    [Anonymous Symbol]                       0x20004158   Section        0  port.o(.bss.xMaximumPossibleSuppressedTicks)
    xMinimumEverFreeBytesRemaining           0x2000415c   Data           4  heap_4.o(.bss.xMinimumEverFreeBytesRemaining)
    [Anonymous Symbol]                       0x2000415c   Section        0  heap_4.o(.bss.xMinimumEverFreeBytesRemaining)
    xNextTaskUnblockTime                     0x20004160   Data           4  tasks.o(.bss.xNextTaskUnblockTime)
    [Anonymous Symbol]                       0x20004160   Section        0  tasks.o(.bss.xNextTaskUnblockTime)
    xNumOfOverflows                          0x20004164   Data           4  tasks.o(.bss.xNumOfOverflows)
    [Anonymous Symbol]                       0x20004164   Section        0  tasks.o(.bss.xNumOfOverflows)
    xNumberOfSuccessfulAllocations           0x20004168   Data           4  heap_4.o(.bss.xNumberOfSuccessfulAllocations)
    [Anonymous Symbol]                       0x20004168   Section        0  heap_4.o(.bss.xNumberOfSuccessfulAllocations)
    xNumberOfSuccessfulFrees                 0x2000416c   Data           4  heap_4.o(.bss.xNumberOfSuccessfulFrees)
    [Anonymous Symbol]                       0x2000416c   Section        0  heap_4.o(.bss.xNumberOfSuccessfulFrees)
    xPendedTicks                             0x20004170   Data           4  tasks.o(.bss.xPendedTicks)
    [Anonymous Symbol]                       0x20004170   Section        0  tasks.o(.bss.xPendedTicks)
    xPendingReadyList                        0x20004174   Data          20  tasks.o(.bss.xPendingReadyList)
    [Anonymous Symbol]                       0x20004174   Section        0  tasks.o(.bss.xPendingReadyList)
    xSchedulerRunning                        0x20004188   Data           4  tasks.o(.bss.xSchedulerRunning)
    [Anonymous Symbol]                       0x20004188   Section        0  tasks.o(.bss.xSchedulerRunning)
    xStart                                   0x2000418c   Data           8  heap_4.o(.bss.xStart)
    [Anonymous Symbol]                       0x2000418c   Section        0  heap_4.o(.bss.xStart)
    xSuspendedTaskList                       0x20004194   Data          20  tasks.o(.bss.xSuspendedTaskList)
    [Anonymous Symbol]                       0x20004194   Section        0  tasks.o(.bss.xSuspendedTaskList)
    xTasksWaitingTermination                 0x200041a8   Data          20  tasks.o(.bss.xTasksWaitingTermination)
    [Anonymous Symbol]                       0x200041a8   Section        0  tasks.o(.bss.xTasksWaitingTermination)
    xTickCount                               0x200041bc   Data           4  tasks.o(.bss.xTickCount)
    [Anonymous Symbol]                       0x200041bc   Section        0  tasks.o(.bss.xTickCount)
    xYieldPending                            0x200041c0   Data           4  tasks.o(.bss.xYieldPending)
    [Anonymous Symbol]                       0x200041c0   Section        0  tasks.o(.bss.xYieldPending)
    Heap_Mem                                 0x200041c8   Data           0  startup_tm4c123.o(HEAP)
    Stack_Mem                                0x200041c8   Data         512  startup_tm4c123.o(STACK)
    HEAP                                     0x200041c8   Section        0  startup_tm4c123.o(HEAP)
    STACK                                    0x200041c8   Section      512  startup_tm4c123.o(STACK)
    __initial_sp                             0x200043c8   Data           0  startup_tm4c123.o(STACK)

    Global Symbols

    Symbol Name                              Value     Ov Type        Size  Object(Section)

    BuildAttributes$$THM_ISAv4$E$P$D$K$B$S$7EM$VFPi3$EXTD16$VFPS$VFMA$PE$A:L22UL41UL21$X:L11$S22US41US21$IEEE1$IW$~IW$USESV6$~STKCKD$USESV7$~SHL$OSPACE$ROPI$EBA8$UX$STANDARDLIB$REQ8$PRES8$EABIv2 0x00000000   Number         0  anon$$obj.o ABSOLUTE
    __Vectors                                0x00000000   Data           4  startup_tm4c123.o(RESET)
    __ARM_exceptions_init                     - Undefined Weak Reference
    __alloca_initialize                       - Undefined Weak Reference
    __arm_preinit_                            - Undefined Weak Reference
    __arm_relocate_pie_                       - Undefined Weak Reference
    __cpp_initialize__aeabi_                  - Undefined Weak Reference
    __cxa_finalize                            - Undefined Weak Reference
    __rt_locale                               - Undefined Weak Reference
    __sigvec_lookup                           - Undefined Weak Reference
    _atexit_init                              - Undefined Weak Reference
    _call_atexit_fns                          - Undefined Weak Reference
    _clock_init                               - Undefined Weak Reference
    _fp_trap_init                             - Undefined Weak Reference
    _fp_trap_shutdown                         - Undefined Weak Reference
    _get_lc_collate                           - Undefined Weak Reference
    _get_lc_ctype                             - Undefined Weak Reference
    _get_lc_monetary                          - Undefined Weak Reference
    _get_lc_numeric                           - Undefined Weak Reference
    _get_lc_time                              - Undefined Weak Reference
    _getenv_init                              - Undefined Weak Reference
    _handle_redirection                       - Undefined Weak Reference
    _init_alloc                               - Undefined Weak Reference
    _init_user_alloc                          - Undefined Weak Reference
    _initio                                   - Undefined Weak Reference
    _rand_init                                - Undefined Weak Reference
    _signal_finish                            - Undefined Weak Reference
    _signal_init                              - Undefined Weak Reference
    _terminate_alloc                          - Undefined Weak Reference
    _terminate_user_alloc                     - Undefined Weak Reference
    _terminateio                              - Undefined Weak Reference
    __Vectors_End                            0x0000026c   Data           0  startup_tm4c123.o(RESET)
    __Vectors_Size                           0x0000026c   Number         0  startup_tm4c123.o ABSOLUTE
    __main                                   0x0000026d   Thumb Code     8  __main.o(!!!main)
    __scatterload                            0x00000275   Thumb Code     0  __scatter.o(!!!scatter)
    __scatterload_rt2                        0x00000275   Thumb Code    44  __scatter.o(!!!scatter)
    __scatterload_rt2_thumb_only             0x00000275   Thumb Code     0  __scatter.o(!!!scatter)
    __scatterload_null                       0x00000283   Thumb Code     0  __scatter.o(!!!scatter)
    __scatterload_copy                       0x000002a9   Thumb Code    26  __scatter_copy.o(!!handler_copy)
    __scatterload_zeroinit                   0x000002c5   Thumb Code    28  __scatter_zi.o(!!handler_zi)
    __rt_lib_init                            0x000002e1   Thumb Code     0  libinit.o(.ARM.Collect$$libinit$$00000000)
    __rt_lib_init_fp_1                       0x000002e3   Thumb Code     0  libinit2.o(.ARM.Collect$$libinit$$00000001)
    __rt_lib_init_alloca_1                   0x000002e7   Thumb Code     0  libinit2.o(.ARM.Collect$$libinit$$00000030)
    __rt_lib_init_argv_1                     0x000002e7   Thumb Code     0  libinit2.o(.ARM.Collect$$libinit$$0000002E)
    __rt_lib_init_atexit_1                   0x000002e7   Thumb Code     0  libinit2.o(.ARM.Collect$$libinit$$0000001D)
    __rt_lib_init_clock_1                    0x000002e7   Thumb Code     0  libinit2.o(.ARM.Collect$$libinit$$00000023)
    __rt_lib_init_cpp_1                      0x000002e7   Thumb Code     0  libinit2.o(.ARM.Collect$$libinit$$00000034)
    __rt_lib_init_exceptions_1               0x000002e7   Thumb Code     0  libinit2.o(.ARM.Collect$$libinit$$00000032)
    __rt_lib_init_fp_trap_1                  0x000002e7   Thumb Code     0  libinit2.o(.ARM.Collect$$libinit$$00000021)
    __rt_lib_init_getenv_1                   0x000002e7   Thumb Code     0  libinit2.o(.ARM.Collect$$libinit$$00000025)
    __rt_lib_init_heap_1                     0x000002e7   Thumb Code     0  libinit2.o(.ARM.Collect$$libinit$$0000000C)
    __rt_lib_init_lc_collate_1               0x000002e7   Thumb Code     0  libinit2.o(.ARM.Collect$$libinit$$00000013)
    __rt_lib_init_lc_ctype_1                 0x000002e7   Thumb Code     0  libinit2.o(.ARM.Collect$$libinit$$00000015)
    __rt_lib_init_lc_monetary_1              0x000002e7   Thumb Code     0  libinit2.o(.ARM.Collect$$libinit$$00000017)
    __rt_lib_init_lc_numeric_1               0x000002e7   Thumb Code     0  libinit2.o(.ARM.Collect$$libinit$$00000019)
    __rt_lib_init_lc_time_1                  0x000002e7   Thumb Code     0  libinit2.o(.ARM.Collect$$libinit$$0000001B)
    __rt_lib_init_preinit_1                  0x000002e7   Thumb Code     0  libinit2.o(.ARM.Collect$$libinit$$00000006)
    __rt_lib_init_rand_1                     0x000002e7   Thumb Code     0  libinit2.o(.ARM.Collect$$libinit$$00000010)
    __rt_lib_init_relocate_pie_1             0x000002e7   Thumb Code     0  libinit2.o(.ARM.Collect$$libinit$$00000004)
    __rt_lib_init_return                     0x000002e7   Thumb Code     0  libinit2.o(.ARM.Collect$$libinit$$00000035)
    __rt_lib_init_signal_1                   0x000002e7   Thumb Code     0  libinit2.o(.ARM.Collect$$libinit$$0000001F)
    __rt_lib_init_stdio_1                    0x000002e7   Thumb Code     0  libinit2.o(.ARM.Collect$$libinit$$00000027)
    __rt_lib_init_user_alloc_1               0x000002e7   Thumb Code     0  libinit2.o(.ARM.Collect$$libinit$$0000000E)
    __rt_lib_shutdown                        0x000002e9   Thumb Code     0  libshutdown.o(.ARM.Collect$$libshutdown$$00000000)
    __rt_lib_shutdown_cpp_1                  0x000002eb   Thumb Code     0  libshutdown2.o(.ARM.Collect$$libshutdown$$00000002)
    __rt_lib_shutdown_fp_trap_1              0x000002eb   Thumb Code     0  libshutdown2.o(.ARM.Collect$$libshutdown$$00000007)
    __rt_lib_shutdown_heap_1                 0x000002eb   Thumb Code     0  libshutdown2.o(.ARM.Collect$$libshutdown$$0000000F)
    __rt_lib_shutdown_return                 0x000002eb   Thumb Code     0  libshutdown2.o(.ARM.Collect$$libshutdown$$00000010)
    __rt_lib_shutdown_signal_1               0x000002eb   Thumb Code     0  libshutdown2.o(.ARM.Collect$$libshutdown$$0000000A)
    __rt_lib_shutdown_stdio_1                0x000002eb   Thumb Code     0  libshutdown2.o(.ARM.Collect$$libshutdown$$00000004)
    __rt_lib_shutdown_user_alloc_1           0x000002eb   Thumb Code     0  libshutdown2.o(.ARM.Collect$$libshutdown$$0000000C)
    __rt_entry                               0x000002ed   Thumb Code     0  __rtentry.o(.ARM.Collect$$rtentry$$00000000)
    __rt_entry_presh_1                       0x000002ed   Thumb Code     0  __rtentry2.o(.ARM.Collect$$rtentry$$00000002)
    __rt_entry_sh                            0x000002ed   Thumb Code     0  __rtentry4.o(.ARM.Collect$$rtentry$$00000004)
    __rt_entry_li                            0x000002f3   Thumb Code     0  __rtentry2.o(.ARM.Collect$$rtentry$$0000000A)
    __rt_entry_postsh_1                      0x000002f3   Thumb Code     0  __rtentry2.o(.ARM.Collect$$rtentry$$00000009)
    __rt_entry_main                          0x000002f7   Thumb Code     0  __rtentry2.o(.ARM.Collect$$rtentry$$0000000D)
    __rt_entry_postli_1                      0x000002f7   Thumb Code     0  __rtentry2.o(.ARM.Collect$$rtentry$$0000000C)
    __rt_exit                                0x000002ff   Thumb Code     0  rtexit.o(.ARM.Collect$$rtexit$$00000000)
    __rt_exit_ls                             0x00000301   Thumb Code     0  rtexit2.o(.ARM.Collect$$rtexit$$00000003)
    __rt_exit_prels_1                        0x00000301   Thumb Code     0  rtexit2.o(.ARM.Collect$$rtexit$$00000002)
    __rt_exit_exit                           0x00000305   Thumb Code     0  rtexit2.o(.ARM.Collect$$rtexit$$00000004)
    Reset_Handler                            0x0000030d   Thumb Code     8  startup_tm4c123.o(.text)
    NMI_Handler                              0x00000315   Thumb Code     2  startup_tm4c123.o(.text)
    HardFault_Handler                        0x00000317   Thumb Code     2  startup_tm4c123.o(.text)
    MemManage_Handler                        0x00000319   Thumb Code     2  startup_tm4c123.o(.text)
    BusFault_Handler                         0x0000031b   Thumb Code     2  startup_tm4c123.o(.text)
    UsageFault_Handler                       0x0000031d   Thumb Code     2  startup_tm4c123.o(.text)
    DebugMon_Handler                         0x00000321   Thumb Code     2  startup_tm4c123.o(.text)
    GPIOA_Handler                            0x00000327   Thumb Code     2  startup_tm4c123.o(.text)
    GPIOC_Handler                            0x0000032b   Thumb Code     2  startup_tm4c123.o(.text)
    GPIOE_Handler                            0x0000032f   Thumb Code     2  startup_tm4c123.o(.text)
    UART0_Handler                            0x00000331   Thumb Code     2  startup_tm4c123.o(.text)
    UART1_Handler                            0x00000333   Thumb Code     2  startup_tm4c123.o(.text)
    SSI0_Handler                             0x00000335   Thumb Code     2  startup_tm4c123.o(.text)
    I2C0_Handler                             0x00000337   Thumb Code     2  startup_tm4c123.o(.text)
    PMW0_FAULT_Handler                       0x00000339   Thumb Code     2  startup_tm4c123.o(.text)
    PWM0_0_Handler                           0x0000033b   Thumb Code     2  startup_tm4c123.o(.text)
    PWM0_1_Handler                           0x0000033d   Thumb Code     2  startup_tm4c123.o(.text)
    PWM0_2_Handler                           0x0000033f   Thumb Code     2  startup_tm4c123.o(.text)
    QEI0_Handler                             0x00000341   Thumb Code     2  startup_tm4c123.o(.text)
    ADC0SS0_Handler                          0x00000343   Thumb Code     2  startup_tm4c123.o(.text)
    ADC0SS1_Handler                          0x00000345   Thumb Code     2  startup_tm4c123.o(.text)
    ADC0SS2_Handler                          0x00000347   Thumb Code     2  startup_tm4c123.o(.text)
    ADC0SS3_Handler                          0x00000349   Thumb Code     2  startup_tm4c123.o(.text)
    WDT0_Handler                             0x0000034b   Thumb Code     2  startup_tm4c123.o(.text)
    TIMER0A_Handler                          0x0000034d   Thumb Code     2  startup_tm4c123.o(.text)
    TIMER0B_Handler                          0x0000034f   Thumb Code     2  startup_tm4c123.o(.text)
    TIMER1A_Handler                          0x00000351   Thumb Code     2  startup_tm4c123.o(.text)
    TIMER1B_Handler                          0x00000353   Thumb Code     2  startup_tm4c123.o(.text)
    TIMER2A_Handler                          0x00000355   Thumb Code     2  startup_tm4c123.o(.text)
    TIMER2B_Handler                          0x00000357   Thumb Code     2  startup_tm4c123.o(.text)
    COMP0_Handler                            0x00000359   Thumb Code     2  startup_tm4c123.o(.text)
    COMP1_Handler                            0x0000035b   Thumb Code     2  startup_tm4c123.o(.text)
    COMP2_Handler                            0x0000035d   Thumb Code     2  startup_tm4c123.o(.text)
    SYSCTL_Handler                           0x0000035f   Thumb Code     2  startup_tm4c123.o(.text)
    FLASH_Handler                            0x00000361   Thumb Code     2  startup_tm4c123.o(.text)
    GPIOG_Handler                            0x00000365   Thumb Code     2  startup_tm4c123.o(.text)
    GPIOH_Handler                            0x00000367   Thumb Code     2  startup_tm4c123.o(.text)
    UART2_Handler                            0x00000369   Thumb Code     2  startup_tm4c123.o(.text)
    SSI1_Handler                             0x0000036b   Thumb Code     2  startup_tm4c123.o(.text)
    TIMER3A_Handler                          0x0000036d   Thumb Code     2  startup_tm4c123.o(.text)
    TIMER3B_Handler                          0x0000036f   Thumb Code     2  startup_tm4c123.o(.text)
    I2C1_Handler                             0x00000371   Thumb Code     2  startup_tm4c123.o(.text)
    QEI1_Handler                             0x00000373   Thumb Code     2  startup_tm4c123.o(.text)
    CAN0_Handler                             0x00000375   Thumb Code     2  startup_tm4c123.o(.text)
    CAN1_Handler                             0x00000377   Thumb Code     2  startup_tm4c123.o(.text)
    CAN2_Handler                             0x00000379   Thumb Code     2  startup_tm4c123.o(.text)
    HIB_Handler                              0x0000037b   Thumb Code     2  startup_tm4c123.o(.text)
    USB0_Handler                             0x0000037d   Thumb Code     2  startup_tm4c123.o(.text)
    PWM0_3_Handler                           0x0000037f   Thumb Code     2  startup_tm4c123.o(.text)
    UDMA_Handler                             0x00000381   Thumb Code     2  startup_tm4c123.o(.text)
    UDMAERR_Handler                          0x00000383   Thumb Code     2  startup_tm4c123.o(.text)
    ADC1SS0_Handler                          0x00000385   Thumb Code     2  startup_tm4c123.o(.text)
    ADC1SS1_Handler                          0x00000387   Thumb Code     2  startup_tm4c123.o(.text)
    ADC1SS2_Handler                          0x00000389   Thumb Code     2  startup_tm4c123.o(.text)
    ADC1SS3_Handler                          0x0000038b   Thumb Code     2  startup_tm4c123.o(.text)
    GPIOJ_Handler                            0x0000038d   Thumb Code     2  startup_tm4c123.o(.text)
    GPIOK_Handler                            0x0000038f   Thumb Code     2  startup_tm4c123.o(.text)
    GPIOL_Handler                            0x00000391   Thumb Code     2  startup_tm4c123.o(.text)
    SSI2_Handler                             0x00000393   Thumb Code     2  startup_tm4c123.o(.text)
    SSI3_Handler                             0x00000395   Thumb Code     2  startup_tm4c123.o(.text)
    UART3_Handler                            0x00000397   Thumb Code     2  startup_tm4c123.o(.text)
    UART4_Handler                            0x00000399   Thumb Code     2  startup_tm4c123.o(.text)
    UART5_Handler                            0x0000039b   Thumb Code     2  startup_tm4c123.o(.text)
    UART6_Handler                            0x0000039d   Thumb Code     2  startup_tm4c123.o(.text)
    UART7_Handler                            0x0000039f   Thumb Code     2  startup_tm4c123.o(.text)
    I2C2_Handler                             0x000003a1   Thumb Code     2  startup_tm4c123.o(.text)
    I2C3_Handler                             0x000003a3   Thumb Code     2  startup_tm4c123.o(.text)
    TIMER4A_Handler                          0x000003a5   Thumb Code     2  startup_tm4c123.o(.text)
    TIMER4B_Handler                          0x000003a7   Thumb Code     2  startup_tm4c123.o(.text)
    TIMER5A_Handler                          0x000003a9   Thumb Code     2  startup_tm4c123.o(.text)
    TIMER5B_Handler                          0x000003ab   Thumb Code     2  startup_tm4c123.o(.text)
    WTIMER0A_Handler                         0x000003ad   Thumb Code     2  startup_tm4c123.o(.text)
    WTIMER0B_Handler                         0x000003af   Thumb Code     2  startup_tm4c123.o(.text)
    WTIMER1A_Handler                         0x000003b1   Thumb Code     2  startup_tm4c123.o(.text)
    WTIMER1B_Handler                         0x000003b3   Thumb Code     2  startup_tm4c123.o(.text)
    WTIMER2A_Handler                         0x000003b5   Thumb Code     2  startup_tm4c123.o(.text)
    WTIMER2B_Handler                         0x000003b7   Thumb Code     2  startup_tm4c123.o(.text)
    WTIMER3A_Handler                         0x000003b9   Thumb Code     2  startup_tm4c123.o(.text)
    WTIMER3B_Handler                         0x000003bb   Thumb Code     2  startup_tm4c123.o(.text)
    WTIMER4A_Handler                         0x000003bd   Thumb Code     2  startup_tm4c123.o(.text)
    WTIMER4B_Handler                         0x000003bf   Thumb Code     2  startup_tm4c123.o(.text)
    WTIMER5A_Handler                         0x000003c1   Thumb Code     2  startup_tm4c123.o(.text)
    WTIMER5B_Handler                         0x000003c3   Thumb Code     2  startup_tm4c123.o(.text)
    FPU_Handler                              0x000003c5   Thumb Code     2  startup_tm4c123.o(.text)
    I2C4_Handler                             0x000003c7   Thumb Code     2  startup_tm4c123.o(.text)
    I2C5_Handler                             0x000003c9   Thumb Code     2  startup_tm4c123.o(.text)
    GPIOM_Handler                            0x000003cb   Thumb Code     2  startup_tm4c123.o(.text)
    GPION_Handler                            0x000003cd   Thumb Code     2  startup_tm4c123.o(.text)
    QEI2_Handler                             0x000003cf   Thumb Code     2  startup_tm4c123.o(.text)
    GPIOP0_Handler                           0x000003d1   Thumb Code     2  startup_tm4c123.o(.text)
    GPIOP1_Handler                           0x000003d3   Thumb Code     2  startup_tm4c123.o(.text)
    GPIOP2_Handler                           0x000003d5   Thumb Code     2  startup_tm4c123.o(.text)
    GPIOP3_Handler                           0x000003d7   Thumb Code     2  startup_tm4c123.o(.text)
    GPIOP4_Handler                           0x000003d9   Thumb Code     2  startup_tm4c123.o(.text)
    GPIOP5_Handler                           0x000003db   Thumb Code     2  startup_tm4c123.o(.text)
    GPIOP6_Handler                           0x000003dd   Thumb Code     2  startup_tm4c123.o(.text)
    GPIOP7_Handler                           0x000003df   Thumb Code     2  startup_tm4c123.o(.text)
    GPIOQ0_Handler                           0x000003e1   Thumb Code     2  startup_tm4c123.o(.text)
    GPIOQ1_Handler                           0x000003e3   Thumb Code     2  startup_tm4c123.o(.text)
    GPIOQ2_Handler                           0x000003e5   Thumb Code     2  startup_tm4c123.o(.text)
    GPIOQ3_Handler                           0x000003e7   Thumb Code     2  startup_tm4c123.o(.text)
    GPIOQ4_Handler                           0x000003e9   Thumb Code     2  startup_tm4c123.o(.text)
    GPIOQ5_Handler                           0x000003eb   Thumb Code     2  startup_tm4c123.o(.text)
    GPIOQ6_Handler                           0x000003ed   Thumb Code     2  startup_tm4c123.o(.text)
    GPIOQ7_Handler                           0x000003ef   Thumb Code     2  startup_tm4c123.o(.text)
    GPIOR_Handler                            0x000003f1   Thumb Code     2  startup_tm4c123.o(.text)
    GPIOS_Handler                            0x000003f3   Thumb Code     2  startup_tm4c123.o(.text)
    PMW1_0_Handler                           0x000003f5   Thumb Code     2  startup_tm4c123.o(.text)
    PWM1_1_Handler                           0x000003f7   Thumb Code     2  startup_tm4c123.o(.text)
    PWM1_2_Handler                           0x000003f9   Thumb Code     2  startup_tm4c123.o(.text)
    PWM1_3_Handler                           0x000003fb   Thumb Code     2  startup_tm4c123.o(.text)
    PWM1_FAULT_Handler                       0x000003fd   Thumb Code     2  startup_tm4c123.o(.text)
    __user_initial_stackheap                 0x00000401   Thumb Code     0  startup_tm4c123.o(.text)
    __aeabi_memcpy                           0x00000421   Thumb Code     0  rt_memcpy_v6.o(.text)
    __rt_memcpy                              0x00000421   Thumb Code   138  rt_memcpy_v6.o(.text)
    _memcpy_lastbytes                        0x00000487   Thumb Code     0  rt_memcpy_v6.o(.text)
    __aeabi_memset4                          0x000004ab   Thumb Code    16  aeabi_memset4.o(.text)
    __aeabi_memset8                          0x000004ab   Thumb Code     0  aeabi_memset4.o(.text)
    __aeabi_memclr                           0x000004bb   Thumb Code     0  rt_memclr.o(.text)
    __rt_memclr                              0x000004bb   Thumb Code     0  rt_memclr.o(.text)
    _memset                                  0x000004bf   Thumb Code    64  rt_memclr.o(.text)
    __use_two_region_memory                  0x000004ff   Thumb Code     2  heapauxi.o(.text)
    __rt_heap_escrow$2region                 0x00000501   Thumb Code     2  heapauxi.o(.text)
    __rt_heap_expand$2region                 0x00000503   Thumb Code     2  heapauxi.o(.text)
    __aeabi_memcpy4                          0x00000505   Thumb Code     0  rt_memcpy_w.o(.text)
    __aeabi_memcpy8                          0x00000505   Thumb Code     0  rt_memcpy_w.o(.text)
    __rt_memcpy_w                            0x00000505   Thumb Code   100  rt_memcpy_w.o(.text)
    _memcpy_lastbytes_aligned                0x0000054d   Thumb Code     0  rt_memcpy_w.o(.text)
    __aeabi_memclr4                          0x00000569   Thumb Code     0  rt_memclr_w.o(.text)
    __aeabi_memclr8                          0x00000569   Thumb Code     0  rt_memclr_w.o(.text)
    __rt_memclr_w                            0x00000569   Thumb Code     0  rt_memclr_w.o(.text)
    _memset_w                                0x0000056d   Thumb Code    74  rt_memclr_w.o(.text)
    __user_setup_stackheap                   0x000005b7   Thumb Code    74  sys_stackheap_outer.o(.text)
    exit                                     0x00000601   Thumb Code    18  exit.o(.text)
    __user_libspace                          0x00000615   Thumb Code     8  libspace.o(.text)
    __user_perproc_libspace                  0x00000615   Thumb Code     0  libspace.o(.text)
    __user_perthread_libspace                0x00000615   Thumb Code     0  libspace.o(.text)
    _sys_exit                                0x0000061d   Thumb Code     8  sys_exit.o(.text)
    __I$use$semihosting                      0x00000629   Thumb Code     0  use_no_semi.o(.text)
    __use_no_semihosting_swi                 0x00000629   Thumb Code     2  use_no_semi.o(.text)
    __semihosting_library_function           0x0000062b   Thumb Code     0  indicate_semi.o(.text)
    EmergencySwitch                          0x0000062d   Thumb Code    64  main.o(.text.EmergencySwitch)
    GPIOB_Handler                            0x0000066d   Thumb Code   136  main.o(.text.GPIOB_Handler)
    GPIOD_Handler                            0x000006f5   Thumb Code   344  main.o(.text.GPIOD_Handler)
    GPIOF_Handler                            0x0000084d   Thumb Code    94  main.o(.text.GPIOF_Handler)
    InitialTask                              0x000008ad   Thumb Code    14  main.o(.text.InitialTask)
    PendSV_Handler                           0x000008c1   Thumb Code   100  port.o(.text.PendSV_Handler)
    PortA_Init                               0x00000925   Thumb Code   110  main.o(.text.PortA_Init)
    PortB_Init                               0x00000995   Thumb Code   384  main.o(.text.PortB_Init)
    PortD_Init                               0x00000b15   Thumb Code   486  main.o(.text.PortD_Init)
    PortF_Init                               0x00000cfd   Thumb Code   266  main.o(.text.PortF_Init)
    SVC_Handler                              0x00000e11   Thumb Code    36  port.o(.text.SVC_Handler)
    SysTick_Handler                          0x00000e35   Thumb Code    60  port.o(.text.SysTick_Handler)
    SystemInit                               0x00000e71   Thumb Code   268  system_tm4c123.o(.text.SystemInit)
    driverDown                               0x00000ff1   Thumb Code   116  main.o(.text.driverDown)
    driverUp                                 0x00001065   Thumb Code   116  main.o(.text.driverUp)
    eTaskConfirmSleepModeStatus              0x000010d9   Thumb Code   128  tasks.o(.text.eTaskConfirmSleepModeStatus)
    limitSwitchDown                          0x00001159   Thumb Code   116  main.o(.text.limitSwitchDown)
    limitSwitchUp                            0x000011cd   Thumb Code   116  main.o(.text.limitSwitchUp)
    lockSwitch                               0x00001241   Thumb Code   132  main.o(.text.lockSwitch)
    main                                     0x000012c5   Thumb Code   332  main.o(.text.main)
    motor_stop                               0x00001411   Thumb Code    34  main.o(.text.motor_stop)
    passengerDown                            0x00001435   Thumb Code   160  main.o(.text.passengerDown)
    passengerUp                              0x000014d5   Thumb Code   160  main.o(.text.passengerUp)
    passenger_motor_down                     0x00001575   Thumb Code    50  main.o(.text.passenger_motor_down)
    passenger_motor_up                       0x000015a9   Thumb Code    50  main.o(.text.passenger_motor_up)
    pvPortMalloc                             0x0000213d   Thumb Code   456  heap_4.o(.text.pvPortMalloc)
    pvTaskIncrementMutexHeldCount            0x00002305   Thumb Code    44  tasks.o(.text.pvTaskIncrementMutexHeldCount)
    pxPortInitialiseStack                    0x00002331   Thumb Code    94  port.o(.text.pxPortInitialiseStack)
    uxListRemove                             0x00002391   Thumb Code    72  list.o(.text.uxListRemove)
    uxTaskGetNumberOfTasks                   0x000023d9   Thumb Code    12  tasks.o(.text.uxTaskGetNumberOfTasks)
    vListInitialise                          0x000023e5   Thumb Code    46  list.o(.text.vListInitialise)
    vListInitialiseItem                      0x00002415   Thumb Code    14  list.o(.text.vListInitialiseItem)
    vListInsert                              0x00002425   Thumb Code   106  list.o(.text.vListInsert)
    vPortEnterCritical                       0x000024a5   Thumb Code    86  port.o(.text.vPortEnterCritical)
    vPortExitCritical                        0x000024fd   Thumb Code    74  port.o(.text.vPortExitCritical)
    vPortFree                                0x00002549   Thumb Code   186  heap_4.o(.text.vPortFree)
    vPortSetupTimerInterrupt                 0x00002605   Thumb Code   120  port.o(.text.vPortSetupTimerInterrupt)
    vPortSuppressTicksAndSleep               0x0000267d   Thumb Code   544  port.o(.text.vPortSuppressTicksAndSleep)
    vPortValidateInterruptPriority           0x0000289d   Thumb Code   132  port.o(.text.vPortValidateInterruptPriority)
    vTaskDelay                               0x00002921   Thumb Code   110  tasks.o(.text.vTaskDelay)
    vTaskInternalSetTimeOutState             0x00002991   Thumb Code    36  tasks.o(.text.vTaskInternalSetTimeOutState)
    vTaskMissedYield                         0x000029b5   Thumb Code    14  tasks.o(.text.vTaskMissedYield)
    vTaskPlaceOnEventList                    0x000029c5   Thumb Code    66  tasks.o(.text.vTaskPlaceOnEventList)
    vTaskPriorityDisinheritAfterTimeout      0x00002a09   Thumb Code   386  tasks.o(.text.vTaskPriorityDisinheritAfterTimeout)
    vTaskStartScheduler                      0x00002b8d   Thumb Code   162  tasks.o(.text.vTaskStartScheduler)
    vTaskStepTick                            0x00002c31   Thumb Code   204  tasks.o(.text.vTaskStepTick)
    vTaskSuspendAll                          0x00002cfd   Thumb Code    16  tasks.o(.text.vTaskSuspendAll)
    vTaskSwitchContext                       0x00002d0d   Thumb Code   190  tasks.o(.text.vTaskSwitchContext)
    xPortStartScheduler                      0x00002dcd   Thumb Code   342  port.o(.text.xPortStartScheduler)
    xQueueCreateMutex                        0x00002f25   Thumb Code    38  queue.o(.text.xQueueCreateMutex)
    xQueueGenericCreate                      0x00002f4d   Thumb Code   154  queue.o(.text.xQueueGenericCreate)
    xQueueGenericReset                       0x00002fe9   Thumb Code   264  queue.o(.text.xQueueGenericReset)
    xQueueGenericSend                        0x000030f1   Thumb Code   628  queue.o(.text.xQueueGenericSend)
    xQueueGiveFromISR                        0x00003365   Thumb Code   386  queue.o(.text.xQueueGiveFromISR)
    xQueueSemaphoreTake                      0x000034e9   Thumb Code   528  queue.o(.text.xQueueSemaphoreTake)
    xTaskCheckForTimeOut                     0x000036f9   Thumb Code   252  tasks.o(.text.xTaskCheckForTimeOut)
    xTaskCreate                              0x000037f5   Thumb Code   160  tasks.o(.text.xTaskCreate)
    xTaskGetSchedulerState                   0x00003895   Thumb Code    56  tasks.o(.text.xTaskGetSchedulerState)
    xTaskGetTickCount                        0x000038cd   Thumb Code    20  tasks.o(.text.xTaskGetTickCount)
    xTaskIncrementTick                       0x000038e1   Thumb Code   608  tasks.o(.text.xTaskIncrementTick)
    xTaskPriorityDisinherit                  0x00003b41   Thumb Code   312  tasks.o(.text.xTaskPriorityDisinherit)
    xTaskPriorityInherit                     0x00003c79   Thumb Code   348  tasks.o(.text.xTaskPriorityInherit)
    xTaskRemoveFromEventList                 0x00003dd5   Thumb Code   402  tasks.o(.text.xTaskRemoveFromEventList)
    xTaskResumeAll                           0x00003f69   Thumb Code   546  tasks.o(.text.xTaskResumeAll)
    _fp_init                                 0x0000418b   Thumb Code    26  fpinit.o(x$fpl$fpinit)
    __fplib_config_fpu_vfp                   0x000041a3   Thumb Code     0  fpinit.o(x$fpl$fpinit)
    __fplib_config_pureend_doubles           0x000041a3   Thumb Code     0  fpinit.o(x$fpl$fpinit)
    uxTopUsedPriority                        0x00004200   Data           4  tasks.o(.rodata.uxTopUsedPriority)
    Region$$Table$$Base                      0x00004204   Number         0  anon$$obj.o(Region$$Table)
    Region$$Table$$Limit                     0x00004224   Number         0  anon$$obj.o(Region$$Table)
    SystemCoreClock                          0x20000000   Data           4  system_tm4c123.o(.data.SystemCoreClock)
    __libspace_start                         0x20000008   Data          96  libspace.o(.bss)
    __temporary_stack_top$libspace           0x20000068   Data           0  libspace.o(.bss)
    driver_window_down_button                0x20000068   Data           4  main.o(.bss.driver_window_down_button)
    driver_window_up_button                  0x2000006c   Data           4  main.o(.bss.driver_window_up_button)
    emergency_button                         0x20000070   Data           4  main.o(.bss.emergency_button)
    limit_switch_down                        0x20000074   Data           4  main.o(.bss.limit_switch_down)
    limit_switch_up                          0x20000078   Data           4  main.o(.bss.limit_switch_up)
    lockMutex                                0x2000007c   Data           4  main.o(.bss.lockMutex)
    on_off_switch_HIGH                       0x20000080   Data           4  main.o(.bss.on_off_switch_HIGH)
    on_off_switch_LOW                        0x20000084   Data           4  main.o(.bss.on_off_switch_LOW)
    passenger_window_down_button             0x20000088   Data           4  main.o(.bss.passenger_window_down_button)
    passenger_window_up_button               0x2000008c   Data           4  main.o(.bss.passenger_window_up_button)
    pxCurrentTCB                             0x20000090   Data           4  tasks.o(.bss.pxCurrentTCB)



==============================================================================

Memory Map of the image

  Image Entry point : 0x0000030d

  Load Region LR_1 (Base: 0x00000000, Size: 0x0000422c, Max: 0xffffffff, ABSOLUTE)

    Execution Region ER_RO (Exec base: 0x00000000, Load base: 0x00000000, Size: 0x00004224, Max: 0xffffffff, ABSOLUTE)

    Exec Addr    Load Addr    Size         Type   Attr      Idx    E Section Name        Object

    0x00000000   0x00000000   0x0000026c   Data   RO           66    RESET               startup_tm4c123.o
    0x0000026c   0x0000026c   0x00000008   Code   RO          441  * !!!main             c_w.l(__main.o)
    0x00000274   0x00000274   0x00000034   Code   RO          610    !!!scatter          c_w.l(__scatter.o)
    0x000002a8   0x000002a8   0x0000001a   Code   RO          612    !!handler_copy      c_w.l(__scatter_copy.o)
    0x000002c2   0x000002c2   0x00000002   PAD
    0x000002c4   0x000002c4   0x0000001c   Code   RO          614    !!handler_zi        c_w.l(__scatter_zi.o)
    0x000002e0   0x000002e0   0x00000002   Code   RO          472    .ARM.Collect$$libinit$$00000000  c_w.l(libinit.o)
    0x000002e2   0x000002e2   0x00000004   Code   RO          478    .ARM.Collect$$libinit$$00000001  c_w.l(libinit2.o)
    0x000002e6   0x000002e6   0x00000000   Code   RO          481    .ARM.Collect$$libinit$$00000004  c_w.l(libinit2.o)
    0x000002e6   0x000002e6   0x00000000   Code   RO          483    .ARM.Collect$$libinit$$00000006  c_w.l(libinit2.o)
    0x000002e6   0x000002e6   0x00000000   Code   RO          486    .ARM.Collect$$libinit$$0000000C  c_w.l(libinit2.o)
    0x000002e6   0x000002e6   0x00000000   Code   RO          488    .ARM.Collect$$libinit$$0000000E  c_w.l(libinit2.o)
    0x000002e6   0x000002e6   0x00000000   Code   RO          490    .ARM.Collect$$libinit$$00000010  c_w.l(libinit2.o)
    0x000002e6   0x000002e6   0x00000000   Code   RO          493    .ARM.Collect$$libinit$$00000013  c_w.l(libinit2.o)
    0x000002e6   0x000002e6   0x00000000   Code   RO          495    .ARM.Collect$$libinit$$00000015  c_w.l(libinit2.o)
    0x000002e6   0x000002e6   0x00000000   Code   RO          497    .ARM.Collect$$libinit$$00000017  c_w.l(libinit2.o)
    0x000002e6   0x000002e6   0x00000000   Code   RO          499    .ARM.Collect$$libinit$$00000019  c_w.l(libinit2.o)
    0x000002e6   0x000002e6   0x00000000   Code   RO          501    .ARM.Collect$$libinit$$0000001B  c_w.l(libinit2.o)
    0x000002e6   0x000002e6   0x00000000   Code   RO          503    .ARM.Collect$$libinit$$0000001D  c_w.l(libinit2.o)
    0x000002e6   0x000002e6   0x00000000   Code   RO          505    .ARM.Collect$$libinit$$0000001F  c_w.l(libinit2.o)
    0x000002e6   0x000002e6   0x00000000   Code   RO          507    .ARM.Collect$$libinit$$00000021  c_w.l(libinit2.o)
    0x000002e6   0x000002e6   0x00000000   Code   RO          509    .ARM.Collect$$libinit$$00000023  c_w.l(libinit2.o)
    0x000002e6   0x000002e6   0x00000000   Code   RO          511    .ARM.Collect$$libinit$$00000025  c_w.l(libinit2.o)
    0x000002e6   0x000002e6   0x00000000   Code   RO          513    .ARM.Collect$$libinit$$00000027  c_w.l(libinit2.o)
    0x000002e6   0x000002e6   0x00000000   Code   RO          517    .ARM.Collect$$libinit$$0000002E  c_w.l(libinit2.o)
    0x000002e6   0x000002e6   0x00000000   Code   RO          519    .ARM.Collect$$libinit$$00000030  c_w.l(libinit2.o)
    0x000002e6   0x000002e6   0x00000000   Code   RO          521    .ARM.Collect$$libinit$$00000032  c_w.l(libinit2.o)
    0x000002e6   0x000002e6   0x00000000   Code   RO          523    .ARM.Collect$$libinit$$00000034  c_w.l(libinit2.o)
    0x000002e6   0x000002e6   0x00000002   Code   RO          524    .ARM.Collect$$libinit$$00000035  c_w.l(libinit2.o)
    0x000002e8   0x000002e8   0x00000002   Code   RO          546    .ARM.Collect$$libshutdown$$00000000  c_w.l(libshutdown.o)
    0x000002ea   0x000002ea   0x00000000   Code   RO          561    .ARM.Collect$$libshutdown$$00000002  c_w.l(libshutdown2.o)
    0x000002ea   0x000002ea   0x00000000   Code   RO          563    .ARM.Collect$$libshutdown$$00000004  c_w.l(libshutdown2.o)
    0x000002ea   0x000002ea   0x00000000   Code   RO          566    .ARM.Collect$$libshutdown$$00000007  c_w.l(libshutdown2.o)
    0x000002ea   0x000002ea   0x00000000   Code   RO          569    .ARM.Collect$$libshutdown$$0000000A  c_w.l(libshutdown2.o)
    0x000002ea   0x000002ea   0x00000000   Code   RO          571    .ARM.Collect$$libshutdown$$0000000C  c_w.l(libshutdown2.o)
    0x000002ea   0x000002ea   0x00000000   Code   RO          574    .ARM.Collect$$libshutdown$$0000000F  c_w.l(libshutdown2.o)
    0x000002ea   0x000002ea   0x00000002   Code   RO          575    .ARM.Collect$$libshutdown$$00000010  c_w.l(libshutdown2.o)
    0x000002ec   0x000002ec   0x00000000   Code   RO          443    .ARM.Collect$$rtentry$$00000000  c_w.l(__rtentry.o)
    0x000002ec   0x000002ec   0x00000000   Code   RO          449    .ARM.Collect$$rtentry$$00000002  c_w.l(__rtentry2.o)
    0x000002ec   0x000002ec   0x00000006   Code   RO          461    .ARM.Collect$$rtentry$$00000004  c_w.l(__rtentry4.o)
    0x000002f2   0x000002f2   0x00000000   Code   RO          451    .ARM.Collect$$rtentry$$00000009  c_w.l(__rtentry2.o)
    0x000002f2   0x000002f2   0x00000004   Code   RO          452    .ARM.Collect$$rtentry$$0000000A  c_w.l(__rtentry2.o)
    0x000002f6   0x000002f6   0x00000000   Code   RO          454    .ARM.Collect$$rtentry$$0000000C  c_w.l(__rtentry2.o)
    0x000002f6   0x000002f6   0x00000008   Code   RO          455    .ARM.Collect$$rtentry$$0000000D  c_w.l(__rtentry2.o)
    0x000002fe   0x000002fe   0x00000002   Code   RO          476    .ARM.Collect$$rtexit$$00000000  c_w.l(rtexit.o)
    0x00000300   0x00000300   0x00000000   Code   RO          526    .ARM.Collect$$rtexit$$00000002  c_w.l(rtexit2.o)
    0x00000300   0x00000300   0x00000004   Code   RO          527    .ARM.Collect$$rtexit$$00000003  c_w.l(rtexit2.o)
    0x00000304   0x00000304   0x00000006   Code   RO          528    .ARM.Collect$$rtexit$$00000004  c_w.l(rtexit2.o)
    0x0000030a   0x0000030a   0x00000002   PAD
    0x0000030c   0x0000030c   0x00000114   Code   RO           67  * .text               startup_tm4c123.o
    0x00000420   0x00000420   0x0000008a   Code   RO          433    .text               c_w.l(rt_memcpy_v6.o)
    0x000004aa   0x000004aa   0x00000010   Code   RO          435    .text               c_w.l(aeabi_memset4.o)
    0x000004ba   0x000004ba   0x00000044   Code   RO          437    .text               c_w.l(rt_memclr.o)
    0x000004fe   0x000004fe   0x00000006   Code   RO          439    .text               c_w.l(heapauxi.o)
    0x00000504   0x00000504   0x00000064   Code   RO          444    .text               c_w.l(rt_memcpy_w.o)
    0x00000568   0x00000568   0x0000004e   Code   RO          446    .text               c_w.l(rt_memclr_w.o)
    0x000005b6   0x000005b6   0x0000004a   Code   RO          463    .text               c_w.l(sys_stackheap_outer.o)
    0x00000600   0x00000600   0x00000012   Code   RO          465    .text               c_w.l(exit.o)
    0x00000612   0x00000612   0x00000002   PAD
    0x00000614   0x00000614   0x00000008   Code   RO          473    .text               c_w.l(libspace.o)
    0x0000061c   0x0000061c   0x0000000c   Code   RO          536    .text               c_w.l(sys_exit.o)
    0x00000628   0x00000628   0x00000002   Code   RO          551    .text               c_w.l(use_no_semi.o)
    0x0000062a   0x0000062a   0x00000000   Code   RO          553    .text               c_w.l(indicate_semi.o)
    0x0000062a   0x0000062a   0x00000002   PAD
    0x0000062c   0x0000062c   0x00000040   Code   RO           22    .text.EmergencySwitch  main.o
    0x0000066c   0x0000066c   0x00000088   Code   RO           44    .text.GPIOB_Handler  main.o
    0x000006f4   0x000006f4   0x00000158   Code   RO           42    .text.GPIOD_Handler  main.o
    0x0000084c   0x0000084c   0x0000005e   Code   RO           40    .text.GPIOF_Handler  main.o
    0x000008aa   0x000008aa   0x00000002   PAD
    0x000008ac   0x000008ac   0x0000000e   Code   RO           24    .text.InitialTask   main.o
    0x000008ba   0x000008ba   0x00000006   PAD
    0x000008c0   0x000008c0   0x00000064   Code   RO          126    .text.PendSV_Handler  port.o
    0x00000924   0x00000924   0x0000006e   Code   RO           34    .text.PortA_Init    main.o
    0x00000992   0x00000992   0x00000002   PAD
    0x00000994   0x00000994   0x00000180   Code   RO           38    .text.PortB_Init    main.o
    0x00000b14   0x00000b14   0x000001e6   Code   RO           36    .text.PortD_Init    main.o
    0x00000cfa   0x00000cfa   0x00000002   PAD
    0x00000cfc   0x00000cfc   0x0000010a   Code   RO           28    .text.PortF_Init    main.o
    0x00000e06   0x00000e06   0x0000000a   PAD
    0x00000e10   0x00000e10   0x00000024   Code   RO          110    .text.SVC_Handler   port.o
    0x00000e34   0x00000e34   0x0000003c   Code   RO          128    .text.SysTick_Handler  port.o
    0x00000e70   0x00000e70   0x0000010c   Code   RO           78    .text.SystemInit    system_tm4c123.o
    0x00000f7c   0x00000f7c   0x00000030   Code   RO           32    .text.__NVIC_EnableIRQ  main.o
    0x00000fac   0x00000fac   0x00000042   Code   RO           30    .text.__NVIC_SetPriority  main.o
    0x00000fee   0x00000fee   0x00000002   PAD
    0x00000ff0   0x00000ff0   0x00000074   Code   RO           14    .text.driverDown    main.o
    0x00001064   0x00001064   0x00000074   Code   RO           12    .text.driverUp      main.o
    0x000010d8   0x000010d8   0x00000080   Code   RO          356    .text.eTaskConfirmSleepModeStatus  tasks.o
    0x00001158   0x00001158   0x00000074   Code   RO           18    .text.limitSwitchDown  main.o
    0x000011cc   0x000011cc   0x00000074   Code   RO           16    .text.limitSwitchUp  main.o
    0x00001240   0x00001240   0x00000084   Code   RO           20    .text.lockSwitch    main.o
    0x000012c4   0x000012c4   0x0000014c   Code   RO           26    .text.main          main.o
    0x00001410   0x00001410   0x00000022   Code   RO            6    .text.motor_stop    main.o
    0x00001432   0x00001432   0x00000002   PAD
    0x00001434   0x00001434   0x000000a0   Code   RO           10    .text.passengerDown  main.o
    0x000014d4   0x000014d4   0x000000a0   Code   RO            8    .text.passengerUp   main.o
    0x00001574   0x00001574   0x00000032   Code   RO            4    .text.passenger_motor_down  main.o
    0x000015a6   0x000015a6   0x00000002   PAD
    0x000015a8   0x000015a8   0x00000032   Code   RO            2    .text.passenger_motor_up  main.o
    0x000015da   0x000015da   0x00000002   PAD
    0x000015dc   0x000015dc   0x00000122   Code   RO          280    .text.prvAddCurrentTaskToDelayedList  tasks.o
    0x000016fe   0x000016fe   0x00000002   PAD
    0x00001700   0x00001700   0x00000154   Code   RO          268    .text.prvAddNewTaskToReadyList  tasks.o
    0x00001854   0x00001854   0x0000005a   Code   RO          396    .text.prvCheckTasksWaitingTermination  tasks.o
    0x000018ae   0x000018ae   0x00000002   PAD
    0x000018b0   0x000018b0   0x000000cc   Code   RO          203    .text.prvCopyDataToQueue  queue.o
    0x0000197c   0x0000197c   0x00000018   Code   RO          274    .text.prvDeleteTCB  tasks.o
    0x00001994   0x00001994   0x00000026   Code   RO          221    .text.prvGetDisinheritPriorityAfterTimeout  queue.o
    0x000019ba   0x000019ba   0x00000002   PAD
    0x000019bc   0x000019bc   0x0000007c   Code   RO          398    .text.prvGetExpectedIdleTime  tasks.o
    0x00001a38   0x00001a38   0x000000ae   Code   RO          149    .text.prvHeapInit   heap_4.o
    0x00001ae6   0x00001ae6   0x00000002   PAD
    0x00001ae8   0x00001ae8   0x0000009a   Code   RO          306    .text.prvIdleTask   tasks.o
    0x00001b82   0x00001b82   0x00000002   PAD
    0x00001b84   0x00001b84   0x0000002c   Code   RO          187    .text.prvInitialiseMutex  queue.o
    0x00001bb0   0x00001bb0   0x0000004e   Code   RO          183    .text.prvInitialiseNewQueue  queue.o
    0x00001bfe   0x00001bfe   0x00000002   PAD
    0x00001c00   0x00001c00   0x00000124   Code   RO          266    .text.prvInitialiseNewTask  tasks.o
    0x00001d24   0x00001d24   0x0000008e   Code   RO          394    .text.prvInitialiseTaskLists  tasks.o
    0x00001db2   0x00001db2   0x00000002   PAD
    0x00001db4   0x00001db4   0x000000c6   Code   RO          151    .text.prvInsertBlockIntoFreeList  heap_4.o
    0x00001e7a   0x00001e7a   0x00000002   PAD
    0x00001e7c   0x00001e7c   0x00000028   Code   RO          219    .text.prvIsQueueEmpty  queue.o
    0x00001ea4   0x00001ea4   0x0000002e   Code   RO          207    .text.prvIsQueueFull  queue.o
    0x00001ed2   0x00001ed2   0x00000002   PAD
    0x00001ed4   0x00001ed4   0x000000ec   Code   RO          205    .text.prvNotifyQueueSetContainer  queue.o
    0x00001fc0   0x00001fc0   0x00000028   Code   RO          118    .text.prvPortStartFirstTask  port.o
    0x00001fe8   0x00001fe8   0x0000003c   Code   RO          272    .text.prvResetNextTaskUnblockTime  tasks.o
    0x00002024   0x00002024   0x0000004c   Code   RO          108    .text.prvTaskExitError  port.o
    0x00002070   0x00002070   0x000000cc   Code   RO          209    .text.prvUnlockQueue  queue.o
    0x0000213c   0x0000213c   0x000001c8   Code   RO          147    .text.pvPortMalloc  heap_4.o
    0x00002304   0x00002304   0x0000002c   Code   RO          378    .text.pvTaskIncrementMutexHeldCount  tasks.o
    0x00002330   0x00002330   0x0000005e   Code   RO          106    .text.pxPortInitialiseStack  port.o
    0x0000238e   0x0000238e   0x00000002   PAD
    0x00002390   0x00002390   0x00000048   Code   RO           97    .text.uxListRemove  list.o
    0x000023d8   0x000023d8   0x0000000c   Code   RO          316    .text.uxTaskGetNumberOfTasks  tasks.o
    0x000023e4   0x000023e4   0x0000002e   Code   RO           89    .text.vListInitialise  list.o
    0x00002412   0x00002412   0x00000002   PAD
    0x00002414   0x00002414   0x0000000e   Code   RO           91    .text.vListInitialiseItem  list.o
    0x00002422   0x00002422   0x00000002   PAD
    0x00002424   0x00002424   0x0000006a   Code   RO           95    .text.vListInsert   list.o
    0x0000248e   0x0000248e   0x00000002   PAD
    0x00002490   0x00002490   0x00000014   Code   RO          116    .text.vPortEnableVFP  port.o
    0x000024a4   0x000024a4   0x00000056   Code   RO          122    .text.vPortEnterCritical  port.o
    0x000024fa   0x000024fa   0x00000002   PAD
    0x000024fc   0x000024fc   0x0000004a   Code   RO          124    .text.vPortExitCritical  port.o
    0x00002546   0x00002546   0x00000002   PAD
    0x00002548   0x00002548   0x000000ba   Code   RO          153    .text.vPortFree     heap_4.o
    0x00002602   0x00002602   0x00000002   PAD
    0x00002604   0x00002604   0x00000078   Code   RO          114    .text.vPortSetupTimerInterrupt  port.o
    0x0000267c   0x0000267c   0x00000220   Code   RO          130    .text.vPortSuppressTicksAndSleep  port.o
    0x0000289c   0x0000289c   0x00000084   Code   RO          132    .text.vPortValidateInterruptPriority  port.o
    0x00002920   0x00002920   0x0000006e   Code   RO          284    .text.vTaskDelay    tasks.o
    0x0000298e   0x0000298e   0x00000002   PAD
    0x00002990   0x00002990   0x00000024   Code   RO          346    .text.vTaskInternalSetTimeOutState  tasks.o
    0x000029b4   0x000029b4   0x0000000e   Code   RO          350    .text.vTaskMissedYield  tasks.o
    0x000029c2   0x000029c2   0x00000002   PAD
    0x000029c4   0x000029c4   0x00000042   Code   RO          336    .text.vTaskPlaceOnEventList  tasks.o
    0x00002a06   0x00002a06   0x00000002   PAD
    0x00002a08   0x00002a08   0x00000182   Code   RO          374    .text.vTaskPriorityDisinheritAfterTimeout  tasks.o
    0x00002b8a   0x00002b8a   0x00000002   PAD
    0x00002b8c   0x00002b8c   0x000000a2   Code   RO          304    .text.vTaskStartScheduler  tasks.o
    0x00002c2e   0x00002c2e   0x00000002   PAD
    0x00002c30   0x00002c30   0x000000cc   Code   RO          330    .text.vTaskStepTick  tasks.o
    0x00002cfc   0x00002cfc   0x00000010   Code   RO          278    .text.vTaskSuspendAll  tasks.o
    0x00002d0c   0x00002d0c   0x000000be   Code   RO          296    .text.vTaskSwitchContext  tasks.o
    0x00002dca   0x00002dca   0x00000002   PAD
    0x00002dcc   0x00002dcc   0x00000156   Code   RO          112    .text.xPortStartScheduler  port.o
    0x00002f22   0x00002f22   0x00000002   PAD
    0x00002f24   0x00002f24   0x00000026   Code   RO          185    .text.xQueueCreateMutex  queue.o
    0x00002f4a   0x00002f4a   0x00000002   PAD
    0x00002f4c   0x00002f4c   0x0000009a   Code   RO          181    .text.xQueueGenericCreate  queue.o
    0x00002fe6   0x00002fe6   0x00000002   PAD
    0x00002fe8   0x00002fe8   0x00000108   Code   RO          179    .text.xQueueGenericReset  queue.o
    0x000030f0   0x000030f0   0x00000274   Code   RO          195    .text.xQueueGenericSend  queue.o
    0x00003364   0x00003364   0x00000182   Code   RO          213    .text.xQueueGiveFromISR  queue.o
    0x000034e6   0x000034e6   0x00000002   PAD
    0x000034e8   0x000034e8   0x00000210   Code   RO          199    .text.xQueueSemaphoreTake  queue.o
    0x000036f8   0x000036f8   0x000000fc   Code   RO          348    .text.xTaskCheckForTimeOut  tasks.o
    0x000037f4   0x000037f4   0x000000a0   Code   RO          264    .text.xTaskCreate   tasks.o
    0x00003894   0x00003894   0x00000038   Code   RO          368    .text.xTaskGetSchedulerState  tasks.o
    0x000038cc   0x000038cc   0x00000014   Code   RO          312    .text.xTaskGetTickCount  tasks.o
    0x000038e0   0x000038e0   0x00000260   Code   RO          310    .text.xTaskIncrementTick  tasks.o
    0x00003b40   0x00003b40   0x00000138   Code   RO          372    .text.xTaskPriorityDisinherit  tasks.o
    0x00003c78   0x00003c78   0x0000015c   Code   RO          370    .text.xTaskPriorityInherit  tasks.o
    0x00003dd4   0x00003dd4   0x00000192   Code   RO          340    .text.xTaskRemoveFromEventList  tasks.o
    0x00003f66   0x00003f66   0x00000002   PAD
    0x00003f68   0x00003f68   0x00000222   Code   RO          282    .text.xTaskResumeAll  tasks.o
    0x0000418a   0x0000418a   0x0000001a   Code   RO          534    x$fpl$fpinit        fz_wm.l(fpinit.o)
    0x000041a4   0x000041a4   0x00000057   Data   RO           55    .rodata.str1.1      main.o
    0x000041fb   0x000041fb   0x00000005   Data   RO          416    .rodata.str1.1      tasks.o
    0x00004200   0x00004200   0x00000004   Data   RO          401    .rodata.uxTopUsedPriority  tasks.o
    0x00004204   0x00004204   0x00000020   Data   RO          609    Region$$Table       anon$$obj.o


    Execution Region ER_RW (Exec base: 0x20000000, Load base: 0x00004224, Size: 0x00000008, Max: 0xffffffff, ABSOLUTE)

    Exec Addr    Load Addr    Size         Type   Attr      Idx    E Section Name        Object

    0x20000000   0x00004224   0x00000004   Data   RW           80    .data.SystemCoreClock  system_tm4c123.o
    0x20000004   0x00004228   0x00000004   Data   RW          136    .data.uxCriticalNesting  port.o


    Execution Region ER_ZI (Exec base: 0x20000008, Load base: 0x0000422c, Size: 0x000043c0, Max: 0xffffffff, ABSOLUTE)

    Exec Addr    Load Addr    Size         Type   Attr      Idx    E Section Name        Object

    0x20000008        -       0x00000060   Zero   RW          474    .bss                c_w.l(libspace.o)
    0x20000068        -       0x00000004   Zero   RW           50    .bss.driver_window_down_button  main.o
    0x2000006c        -       0x00000004   Zero   RW           49    .bss.driver_window_up_button  main.o
    0x20000070        -       0x00000004   Zero   RW           54    .bss.emergency_button  main.o
    0x20000074        -       0x00000004   Zero   RW           52    .bss.limit_switch_down  main.o
    0x20000078        -       0x00000004   Zero   RW           51    .bss.limit_switch_up  main.o
    0x2000007c        -       0x00000004   Zero   RW           47    .bss.lockMutex      main.o
    0x20000080        -       0x00000004   Zero   RW           56    .bss.on_off_switch_HIGH  main.o
    0x20000084        -       0x00000004   Zero   RW           53    .bss.on_off_switch_LOW  main.o
    0x20000088        -       0x00000004   Zero   RW           48    .bss.passenger_window_down_button  main.o
    0x2000008c        -       0x00000004   Zero   RW           46    .bss.passenger_window_up_button  main.o
    0x20000090        -       0x00000004   Zero   RW          400    .bss.pxCurrentTCB   tasks.o
    0x20000094        -       0x00000004   Zero   RW          411    .bss.pxDelayedTaskList  tasks.o
    0x20000098        -       0x00000004   Zero   RW          165    .bss.pxEnd          heap_4.o
    0x2000009c        -       0x00000004   Zero   RW          412    .bss.pxOverflowDelayedTaskList  tasks.o
    0x200000a0        -       0x00000064   Zero   RW          402    .bss.pxReadyTasksLists  tasks.o
    0x20000104        -       0x00004000   Zero   RW          171    .bss.ucHeap         heap_4.o
    0x20004104        -       0x00000001   Zero   RW          134    .bss.ucMaxSysCallPriority  port.o
    0x20004105   0x0000422c   0x00000003   PAD
    0x20004108        -       0x00000004   Zero   RW          135    .bss.ulMaxPRIGROUPValue  port.o
    0x2000410c        -       0x00000004   Zero   RW          139    .bss.ulStoppedTimerCompensation  port.o
    0x20004110        -       0x00000004   Zero   RW          138    .bss.ulTimerCountsForOneTick  port.o
    0x20004114        -       0x00000004   Zero   RW          407    .bss.uxCurrentNumberOfTasks  tasks.o
    0x20004118        -       0x00000004   Zero   RW          406    .bss.uxDeletedTasksWaitingCleanUp  tasks.o
    0x2000411c        -       0x00000004   Zero   RW          409    .bss.uxSchedulerSuspended  tasks.o
    0x20004120        -       0x00000004   Zero   RW          404    .bss.uxTaskNumber   tasks.o
    0x20004124        -       0x00000004   Zero   RW          403    .bss.uxTopReadyPriority  tasks.o
    0x20004128        -       0x00000014   Zero   RW          421    .bss.xDelayedTaskList1  tasks.o
    0x2000413c        -       0x00000014   Zero   RW          422    .bss.xDelayedTaskList2  tasks.o
    0x20004150        -       0x00000004   Zero   RW          166    .bss.xFreeBytesRemaining  heap_4.o
    0x20004154        -       0x00000004   Zero   RW          417    .bss.xIdleTaskHandle  tasks.o
    0x20004158        -       0x00000004   Zero   RW          137    .bss.xMaximumPossibleSuppressedTicks  port.o
    0x2000415c        -       0x00000004   Zero   RW          168    .bss.xMinimumEverFreeBytesRemaining  heap_4.o
    0x20004160        -       0x00000004   Zero   RW          418    .bss.xNextTaskUnblockTime  tasks.o
    0x20004164        -       0x00000004   Zero   RW          420    .bss.xNumOfOverflows  tasks.o
    0x20004168        -       0x00000004   Zero   RW          169    .bss.xNumberOfSuccessfulAllocations  heap_4.o
    0x2000416c        -       0x00000004   Zero   RW          170    .bss.xNumberOfSuccessfulFrees  heap_4.o
    0x20004170        -       0x00000004   Zero   RW          419    .bss.xPendedTicks   tasks.o
    0x20004174        -       0x00000014   Zero   RW          415    .bss.xPendingReadyList  tasks.o
    0x20004188        -       0x00000004   Zero   RW          408    .bss.xSchedulerRunning  tasks.o
    0x2000418c        -       0x00000008   Zero   RW          167    .bss.xStart         heap_4.o
    0x20004194        -       0x00000014   Zero   RW          413    .bss.xSuspendedTaskList  tasks.o
    0x200041a8        -       0x00000014   Zero   RW          405    .bss.xTasksWaitingTermination  tasks.o
    0x200041bc        -       0x00000004   Zero   RW          410    .bss.xTickCount     tasks.o
    0x200041c0        -       0x00000004   Zero   RW          414    .bss.xYieldPending  tasks.o
    0x200041c4   0x0000422c   0x00000004   PAD
    0x200041c8        -       0x00000000   Zero   RW           65    HEAP                startup_tm4c123.o
    0x200041c8        -       0x00000200   Zero   RW           64    STACK               startup_tm4c123.o


==============================================================================

Image component sizes


      Code (inc. data)   RO Data    RW Data    ZI Data      Debug   Object Name

      1014          0          0          0      16412       4755   heap_4.o
       238          0          0          0          0       2386   list.o
      3394          0         87          0         40      12953   main.o
      1724         16          0          4         17       5003   port.o
      2888          0          0          0          0      16753   queue.o
       276         24        620          0        512       5540   startup_tm4c123.o
       268          0          0          4          0       6800   system_tm4c123.o
      5588          0          9          0        260      27031   tasks.o

    ----------------------------------------------------------------------
     15474         40        748          8      17248      81221   Object Totals
         0          0         32          0          0          0   (incl. Generated)
        84          0          0          0          7          0   (incl. Padding)

    ----------------------------------------------------------------------

      Code (inc. data)   RO Data    RW Data    ZI Data      Debug   Library Member Name

         8          0          0          0          0         68   __main.o
         0          0          0          0          0          0   __rtentry.o
        12          0          0          0          0          0   __rtentry2.o
         6          0          0          0          0          0   __rtentry4.o
        52          8          0          0          0          0   __scatter.o
        26          0          0          0          0          0   __scatter_copy.o
        28          0          0          0          0          0   __scatter_zi.o
        16          0          0          0          0         68   aeabi_memset4.o
        18          0          0          0          0         80   exit.o
         6          0          0          0          0        152   heapauxi.o
         0          0          0          0          0          0   indicate_semi.o
         2          0          0          0          0          0   libinit.o
         6          0          0          0          0          0   libinit2.o
         2          0          0          0          0          0   libshutdown.o
         2          0          0          0          0          0   libshutdown2.o
         8          4          0          0         96         68   libspace.o
        68          0          0          0          0         68   rt_memclr.o
        78          0          0          0          0         80   rt_memclr_w.o
       138          0          0          0          0         68   rt_memcpy_v6.o
       100          0          0          0          0         80   rt_memcpy_w.o
         2          0          0          0          0          0   rtexit.o
        10          0          0          0          0          0   rtexit2.o
        12          4          0          0          0         68   sys_exit.o
        74          0          0          0          0         80   sys_stackheap_outer.o
         2          0          0          0          0         68   use_no_semi.o
        26          0          0          0          0        116   fpinit.o

    ----------------------------------------------------------------------
       710         16          0          0         96       1064   Library Totals
         8          0          0          0          0          0   (incl. Padding)

    ----------------------------------------------------------------------

      Code (inc. data)   RO Data    RW Data    ZI Data      Debug   Library Name

       676         16          0          0         96        948   c_w.l
        26          0          0          0          0        116   fz_wm.l

    ----------------------------------------------------------------------
       710         16          0          0         96       1064   Library Totals

    ----------------------------------------------------------------------

==============================================================================


      Code (inc. data)   RO Data    RW Data    ZI Data      Debug   

     16184         56        748          8      17344      81749   Grand Totals
     16184         56        748          8      17344      81749   ELF Image Totals
     16184         56        748          8          0          0   ROM Totals

==============================================================================

    Total RO  Size (Code + RO Data)                16932 (  16.54kB)
    Total RW  Size (RW Data + ZI Data)             17352 (  16.95kB)
    Total ROM Size (Code + RO Data + RW Data)      16940 (  16.54kB)

==============================================================================

